Archive member included to satisfy reference by file (symbol)

/Applications/STM32CubeIDE.app/Contents/Eclipse/plugins/com.st.stm32cube.ide.mcu.externaltools.gnu-tools-for-stm32.7-2018-q2-update.macos64_1.4.0.202007081208/tools/bin/../lib/gcc/arm-none-eabi/7.3.1/../../../../arm-none-eabi/lib/thumb/v7-m/libc_nano.a(lib_a-atoi.o)
                              Core/Src/main.o (atoi)
/Applications/STM32CubeIDE.app/Contents/Eclipse/plugins/com.st.stm32cube.ide.mcu.externaltools.gnu-tools-for-stm32.7-2018-q2-update.macos64_1.4.0.202007081208/tools/bin/../lib/gcc/arm-none-eabi/7.3.1/../../../../arm-none-eabi/lib/thumb/v7-m/libc_nano.a(lib_a-errno.o)
                              Core/Src/syscalls.o (__errno)
/Applications/STM32CubeIDE.app/Contents/Eclipse/plugins/com.st.stm32cube.ide.mcu.externaltools.gnu-tools-for-stm32.7-2018-q2-update.macos64_1.4.0.202007081208/tools/bin/../lib/gcc/arm-none-eabi/7.3.1/../../../../arm-none-eabi/lib/thumb/v7-m/libc_nano.a(lib_a-exit.o)
                              /Applications/STM32CubeIDE.app/Contents/Eclipse/plugins/com.st.stm32cube.ide.mcu.externaltools.gnu-tools-for-stm32.7-2018-q2-update.macos64_1.4.0.202007081208/tools/bin/../lib/gcc/arm-none-eabi/7.3.1/../../../../arm-none-eabi/lib/thumb/v7-m/crt0.o (exit)
/Applications/STM32CubeIDE.app/Contents/Eclipse/plugins/com.st.stm32cube.ide.mcu.externaltools.gnu-tools-for-stm32.7-2018-q2-update.macos64_1.4.0.202007081208/tools/bin/../lib/gcc/arm-none-eabi/7.3.1/../../../../arm-none-eabi/lib/thumb/v7-m/libc_nano.a(lib_a-impure.o)
                              /Applications/STM32CubeIDE.app/Contents/Eclipse/plugins/com.st.stm32cube.ide.mcu.externaltools.gnu-tools-for-stm32.7-2018-q2-update.macos64_1.4.0.202007081208/tools/bin/../lib/gcc/arm-none-eabi/7.3.1/../../../../arm-none-eabi/lib/thumb/v7-m/libc_nano.a(lib_a-exit.o) (_global_impure_ptr)
/Applications/STM32CubeIDE.app/Contents/Eclipse/plugins/com.st.stm32cube.ide.mcu.externaltools.gnu-tools-for-stm32.7-2018-q2-update.macos64_1.4.0.202007081208/tools/bin/../lib/gcc/arm-none-eabi/7.3.1/../../../../arm-none-eabi/lib/thumb/v7-m/libc_nano.a(lib_a-init.o)
                              /Applications/STM32CubeIDE.app/Contents/Eclipse/plugins/com.st.stm32cube.ide.mcu.externaltools.gnu-tools-for-stm32.7-2018-q2-update.macos64_1.4.0.202007081208/tools/bin/../lib/gcc/arm-none-eabi/7.3.1/../../../../arm-none-eabi/lib/thumb/v7-m/crt0.o (__libc_init_array)
/Applications/STM32CubeIDE.app/Contents/Eclipse/plugins/com.st.stm32cube.ide.mcu.externaltools.gnu-tools-for-stm32.7-2018-q2-update.macos64_1.4.0.202007081208/tools/bin/../lib/gcc/arm-none-eabi/7.3.1/../../../../arm-none-eabi/lib/thumb/v7-m/libc_nano.a(lib_a-memcpy-stub.o)
                              Core/Src/main.o (memcpy)
/Applications/STM32CubeIDE.app/Contents/Eclipse/plugins/com.st.stm32cube.ide.mcu.externaltools.gnu-tools-for-stm32.7-2018-q2-update.macos64_1.4.0.202007081208/tools/bin/../lib/gcc/arm-none-eabi/7.3.1/../../../../arm-none-eabi/lib/thumb/v7-m/libc_nano.a(lib_a-memset.o)
                              /Applications/STM32CubeIDE.app/Contents/Eclipse/plugins/com.st.stm32cube.ide.mcu.externaltools.gnu-tools-for-stm32.7-2018-q2-update.macos64_1.4.0.202007081208/tools/bin/../lib/gcc/arm-none-eabi/7.3.1/../../../../arm-none-eabi/lib/thumb/v7-m/crt0.o (memset)
/Applications/STM32CubeIDE.app/Contents/Eclipse/plugins/com.st.stm32cube.ide.mcu.externaltools.gnu-tools-for-stm32.7-2018-q2-update.macos64_1.4.0.202007081208/tools/bin/../lib/gcc/arm-none-eabi/7.3.1/../../../../arm-none-eabi/lib/thumb/v7-m/libc_nano.a(lib_a-snprintf.o)
                              Core/Src/main.o (snprintf)
/Applications/STM32CubeIDE.app/Contents/Eclipse/plugins/com.st.stm32cube.ide.mcu.externaltools.gnu-tools-for-stm32.7-2018-q2-update.macos64_1.4.0.202007081208/tools/bin/../lib/gcc/arm-none-eabi/7.3.1/../../../../arm-none-eabi/lib/thumb/v7-m/libc_nano.a(lib_a-strcmp.o)
                              Core/Src/main.o (strcmp)
/Applications/STM32CubeIDE.app/Contents/Eclipse/plugins/com.st.stm32cube.ide.mcu.externaltools.gnu-tools-for-stm32.7-2018-q2-update.macos64_1.4.0.202007081208/tools/bin/../lib/gcc/arm-none-eabi/7.3.1/../../../../arm-none-eabi/lib/thumb/v7-m/libc_nano.a(lib_a-strlen.o)
                              Core/Src/main.o (strlen)
/Applications/STM32CubeIDE.app/Contents/Eclipse/plugins/com.st.stm32cube.ide.mcu.externaltools.gnu-tools-for-stm32.7-2018-q2-update.macos64_1.4.0.202007081208/tools/bin/../lib/gcc/arm-none-eabi/7.3.1/../../../../arm-none-eabi/lib/thumb/v7-m/libc_nano.a(lib_a-strtol.o)
                              /Applications/STM32CubeIDE.app/Contents/Eclipse/plugins/com.st.stm32cube.ide.mcu.externaltools.gnu-tools-for-stm32.7-2018-q2-update.macos64_1.4.0.202007081208/tools/bin/../lib/gcc/arm-none-eabi/7.3.1/../../../../arm-none-eabi/lib/thumb/v7-m/libc_nano.a(lib_a-atoi.o) (_strtol_r)
[...]
Memory Configuration

Name             Origin             Length             Attributes
RAM              0x0000000020000000 0x0000000000005000 xrw
FLASH            0x0000000008000000 0x0000000000020000 xr
*default*        0x0000000000000000 0xffffffffffffffff

Linker script and memory map

LOAD /Applications/STM32CubeIDE.app/Contents/Eclipse/plugins/com.st.stm32cube.ide.mcu.externaltools.gnu-tools-for-stm32.7-2018-q2-update.macos64_1.4.0.202007081208/tools/bin/../lib/gcc/arm-none-eabi/7.3.1/thumb/v7-m/crti.o
LOAD /Applications/STM32CubeIDE.app/Contents/Eclipse/plugins/com.st.stm32cube.ide.mcu.externaltools.gnu-tools-for-stm32.7-2018-q2-update.macos64_1.4.0.202007081208/tools/bin/../lib/gcc/arm-none-eabi/7.3.1/thumb/v7-m/crtbegin.o
LOAD /Applications/STM32CubeIDE.app/Contents/Eclipse/plugins/com.st.stm32cube.ide.mcu.externaltools.gnu-tools-for-stm32.7-2018-q2-update.macos64_1.4.0.202007081208/tools/bin/../lib/gcc/arm-none-eabi/7.3.1/../../../../arm-none-eabi/lib/thumb/v7-m/crt0.o
LOAD Core/Src/freertos.o
LOAD Core/Src/main.o
LOAD Core/Src/stm32f1xx_hal_msp.o
LOAD Core/Src/stm32f1xx_hal_timebase_tim.o
LOAD Core/Src/stm32f1xx_it.o
LOAD Core/Src/syscalls.o
LOAD Core/Src/sysmem.o
LOAD Core/Src/system_stm32f1xx.o
LOAD Core/Startup/startup_stm32f103rbtx.o
LOAD Drivers/STM32F1xx_HAL_Driver/Src/stm32f1xx_hal.o
LOAD Drivers/STM32F1xx_HAL_Driver/Src/stm32f1xx_hal_cortex.o
LOAD Drivers/STM32F1xx_HAL_Driver/Src/stm32f1xx_hal_dma.o
LOAD Drivers/STM32F1xx_HAL_Driver/Src/stm32f1xx_hal_exti.o
LOAD Drivers/STM32F1xx_HAL_Driver/Src/stm32f1xx_hal_flash.o
LOAD Drivers/STM32F1xx_HAL_Driver/Src/stm32f1xx_hal_flash_ex.o
LOAD Drivers/STM32F1xx_HAL_Driver/Src/stm32f1xx_hal_gpio.o
LOAD Drivers/STM32F1xx_HAL_Driver/Src/stm32f1xx_hal_gpio_ex.o
LOAD Drivers/STM32F1xx_HAL_Driver/Src/stm32f1xx_hal_pwr.o
LOAD Drivers/STM32F1xx_HAL_Driver/Src/stm32f1xx_hal_rcc.o
LOAD Drivers/STM32F1xx_HAL_Driver/Src/stm32f1xx_hal_rcc_ex.o
LOAD Drivers/STM32F1xx_HAL_Driver/Src/stm32f1xx_hal_tim.o
LOAD Drivers/STM32F1xx_HAL_Driver/Src/stm32f1xx_hal_tim_ex.o
LOAD Drivers/STM32F1xx_HAL_Driver/Src/stm32f1xx_hal_uart.o
LOAD Middlewares/Third_Party/FreeRTOS/Source/CMSIS_RTOS_V2/cmsis_os2.o
LOAD Middlewares/Third_Party/FreeRTOS/Source/croutine.o
LOAD Middlewares/Third_Party/FreeRTOS/Source/event_groups.o
LOAD Middlewares/Third_Party/FreeRTOS/Source/list.o
LOAD Middlewares/Third_Party/FreeRTOS/Source/queue.o
LOAD Middlewares/Third_Party/FreeRTOS/Source/stream_buffer.o
LOAD Middlewares/Third_Party/FreeRTOS/Source/tasks.o
LOAD Middlewares/Third_Party/FreeRTOS/Source/timers.o
LOAD Middlewares/Third_Party/FreeRTOS/Source/portable/GCC/ARM_CM3/port.o
LOAD Middlewares/Third_Party/FreeRTOS/Source/portable/MemMang/heap_4.o
START GROUP
LOAD /Applications/STM32CubeIDE.app/Contents/Eclipse/plugins/com.st.stm32cube.ide.mcu.externaltools.gnu-tools-for-stm32.7-2018-q2-update.macos64_1.4.0.202007081208/tools/bin/../lib/gcc/arm-none-eabi/7.3.1/../../../../arm-none-eabi/lib/thumb/v7-m/libc_nano.a
LOAD /Applications/STM32CubeIDE.app/Contents/Eclipse/plugins/com.st.stm32cube.ide.mcu.externaltools.gnu-tools-for-stm32.7-2018-q2-update.macos64_1.4.0.202007081208/tools/bin/../lib/gcc/arm-none-eabi/7.3.1/../../../../arm-none-eabi/lib/thumb/v7-m/libm.a
END GROUP
START GROUP
LOAD /Applications/STM32CubeIDE.app/Contents/Eclipse/plugins/com.st.stm32cube.ide.mcu.externaltools.gnu-tools-for-stm32.7-2018-q2-update.macos64_1.4.0.202007081208/tools/bin/../lib/gcc/arm-none-eabi/7.3.1/thumb/v7-m/libgcc.a
LOAD /Applications/STM32CubeIDE.app/Contents/Eclipse/plugins/com.st.stm32cube.ide.mcu.externaltools.gnu-tools-for-stm32.7-2018-q2-update.macos64_1.4.0.202007081208/tools/bin/../lib/gcc/arm-none-eabi/7.3.1/../../../../arm-none-eabi/lib/thumb/v7-m/libc_nano.a
END GROUP
START GROUP
LOAD /Applications/STM32CubeIDE.app/Contents/Eclipse/plugins/com.st.stm32cube.ide.mcu.externaltools.gnu-tools-for-stm32.7-2018-q2-update.macos64_1.4.0.202007081208/tools/bin/../lib/gcc/arm-none-eabi/7.3.1/thumb/v7-m/libgcc.a
LOAD /Applications/STM32CubeIDE.app/Contents/Eclipse/plugins/com.st.stm32cube.ide.mcu.externaltools.gnu-tools-for-stm32.7-2018-q2-update.macos64_1.4.0.202007081208/tools/bin/../lib/gcc/arm-none-eabi/7.3.1/../../../../arm-none-eabi/lib/thumb/v7-m/libc_nano.a
LOAD /Applications/STM32CubeIDE.app/Contents/Eclipse/plugins/com.st.stm32cube.ide.mcu.externaltools.gnu-tools-for-stm32.7-2018-q2-update.macos64_1.4.0.202007081208/tools/bin/../lib/gcc/arm-none-eabi/7.3.1/../../../../arm-none-eabi/lib/thumb/v7-m/libnosys.a
END GROUP
START GROUP
LOAD /Applications/STM32CubeIDE.app/Contents/Eclipse/plugins/com.st.stm32cube.ide.mcu.externaltools.gnu-tools-for-stm32.7-2018-q2-update.macos64_1.4.0.202007081208/tools/bin/../lib/gcc/arm-none-eabi/7.3.1/thumb/v7-m/libgcc.a
LOAD /Applications/STM32CubeIDE.app/Contents/Eclipse/plugins/com.st.stm32cube.ide.mcu.externaltools.gnu-tools-for-stm32.7-2018-q2-update.macos64_1.4.0.202007081208/tools/bin/../lib/gcc/arm-none-eabi/7.3.1/../../../../arm-none-eabi/lib/thumb/v7-m/libc_nano.a
LOAD /Applications/STM32CubeIDE.app/Contents/Eclipse/plugins/com.st.stm32cube.ide.mcu.externaltools.gnu-tools-for-stm32.7-2018-q2-update.macos64_1.4.0.202007081208/tools/bin/../lib/gcc/arm-none-eabi/7.3.1/../../../../arm-none-eabi/lib/thumb/v7-m/libnosys.a
END GROUP
LOAD /Applications/STM32CubeIDE.app/Contents/Eclipse/plugins/com.st.stm32cube.ide.mcu.externaltools.gnu-tools-for-stm32.7-2018-q2-update.macos64_1.4.0.202007081208/tools/bin/../lib/gcc/arm-none-eabi/7.3.1/thumb/v7-m/crtend.o
LOAD /Applications/STM32CubeIDE.app/Contents/Eclipse/plugins/com.st.stm32cube.ide.mcu.externaltools.gnu-tools-for-stm32.7-2018-q2-update.macos64_1.4.0.202007081208/tools/bin/../lib/gcc/arm-none-eabi/7.3.1/thumb/v7-m/crtn.o
                0x0000000020005000                _estack = (ORIGIN (RAM) + LENGTH (RAM))
                0x0000000000000200                _Min_Heap_Size = 0x200
                0x0000000000000400                _Min_Stack_Size = 0x400

.isr_vector     0x0000000008000000      0x10c
                0x0000000008000000                . = ALIGN (0x4)
 *(.isr_vector)
 .isr_vector    0x0000000008000000      0x10c Core/Startup/startup_stm32f103rbtx.o
                0x0000000008000000                g_pfnVectors
                0x000000000800010c                . = ALIGN (0x4)

.text           0x0000000008000110     0x6398
                0x0000000008000110                . = ALIGN (0x4)
 *(.text)
 .text          0x0000000008000110       0x40 /Applications/STM32CubeIDE.app/Contents/Eclipse/plugins/com.st.stm32cube.ide.mcu.externaltools.gnu-tools-for-stm32.7-2018-q2-update.macos64_1.4.0.202007081208/tools/bin/../lib/gcc/arm-none-eabi/7.3.1/thumb/v7-m/crtbegin.o
 .text          0x0000000008000150       0x14 /Applications/STM32CubeIDE.app/Contents/Eclipse/plugins/com.st.stm32cube.ide.mcu.externaltools.gnu-tools-for-stm32.7-2018-q2-update.macos64_1.4.0.202007081208/tools/bin/../lib/gcc/arm-none-eabi/7.3.1/../../../../arm-none-eabi/lib/thumb/v7-m/libc_nano.a(lib_a-strcmp.o)
                0x0000000008000150                strcmp
 .text          0x0000000008000164       0x10 /Applications/STM32CubeIDE.app/Contents/Eclipse/plugins/com.st.stm32cube.ide.mcu.externaltools.gnu-tools-for-stm32.7-2018-q2-update.macos64_1.4.0.202007081208/tools/bin/../lib/gcc/arm-none-eabi/7.3.1/../../../../arm-none-eabi/lib/thumb/v7-m/libc_nano.a(lib_a-strlen.o)
                0x0000000008000164                strlen
 *(.text*)
 .text.main     0x0000000008000174      0x188 Core/Src/main.o
                0x0000000008000174                main
 .text.SystemClock_Config
                0x00000000080002fc       0x76 Core/Src/main.o
                0x00000000080002fc                SystemClock_Config
 *fill*         0x0000000008000372        0x2 
 .text.MX_TIM2_Init
                0x0000000008000374       0x9c Core/Src/main.o
 .text.MX_USART3_UART_Init
                0x0000000008000410       0x54 Core/Src/main.o
 .text.MX_GPIO_Init
                0x0000000008000464       0xac Core/Src/main.o
 .text.print_string_block
                0x0000000008000510       0x70 Core/Src/main.o
                0x0000000008000510                print_string_block
 .text.byte_send
                0x0000000008000580       0x34 Core/Src/main.o
                0x0000000008000580                byte_send
 .text.line_return
                0x00000000080005b4       0x42 Core/Src/main.o
                0x00000000080005b4                line_return
 *fill*         0x00000000080005f6        0x2 
 .text.startcliTask
                0x00000000080005f8      0x204 Core/Src/main.o
                0x00000000080005f8                startcliTask
 .text.updateTask
                0x00000000080007fc       0x88 Core/Src/main.o
                0x00000000080007fc                updateTask
 .text.controllerTask
                0x0000000008000884      0x378 Core/Src/main.o
                0x0000000008000884                controllerTask
 .text.Callback01
                0x0000000008000bfc       0x12 Core/Src/main.o
                0x0000000008000bfc                Callback01
 *fill*         0x0000000008000c0e        0x2 
 .text.HAL_TIM_PeriodElapsedCallback
                0x0000000008000c10       0x24 Core/Src/main.o
                0x0000000008000c10                HAL_TIM_PeriodElapsedCallback
 .text.Error_Handler
                0x0000000008000c34        0xc Core/Src/main.o
                0x0000000008000c34                Error_Handler
 .text.HAL_MspInit
                0x0000000008000c40       0x64 Core/Src/stm32f1xx_hal_msp.o
                0x0000000008000c40                HAL_MspInit
 .text.HAL_TIM_Base_MspInit
                0x0000000008000ca4       0x38 Core/Src/stm32f1xx_hal_msp.o
                0x0000000008000ca4                HAL_TIM_Base_MspInit
 .text.HAL_UART_MspInit
                0x0000000008000cdc       0x98 Core/Src/stm32f1xx_hal_msp.o
                0x0000000008000cdc                HAL_UART_MspInit
 .text.HAL_InitTick
                0x0000000008000d74       0xac Core/Src/stm32f1xx_hal_timebase_tim.o
                0x0000000008000d74                HAL_InitTick
 .text.NMI_Handler
                0x0000000008000e20        0xc Core/Src/stm32f1xx_it.o
                0x0000000008000e20                NMI_Handler
 .text.HardFault_Handler
                0x0000000008000e2c        0x6 Core/Src/stm32f1xx_it.o
                0x0000000008000e2c                HardFault_Handler
 .text.MemManage_Handler
                0x0000000008000e32        0x6 Core/Src/stm32f1xx_it.o
                0x0000000008000e32                MemManage_Handler
 .text.BusFault_Handler
                0x0000000008000e38        0x6 Core/Src/stm32f1xx_it.o
                0x0000000008000e38                BusFault_Handler
 .text.UsageFault_Handler
                0x0000000008000e3e        0x6 Core/Src/stm32f1xx_it.o
                0x0000000008000e3e                UsageFault_Handler
 .text.DebugMon_Handler
                0x0000000008000e44        0xc Core/Src/stm32f1xx_it.o
                0x0000000008000e44                DebugMon_Handler
 .text.TIM4_IRQHandler
                0x0000000008000e50       0x14 Core/Src/stm32f1xx_it.o
                0x0000000008000e50                TIM4_IRQHandler
 .text._sbrk    0x0000000008000e64       0x6c Core/Src/sysmem.o
                0x0000000008000e64                _sbrk
 .text.SystemInit
                0x0000000008000ed0        0xc Core/Src/system_stm32f1xx.o
                0x0000000008000ed0                SystemInit
 .text.Reset_Handler
                0x0000000008000edc       0x48 Core/Startup/startup_stm32f103rbtx.o
                0x0000000008000edc                Reset_Handler
 .text.Default_Handler
                0x0000000008000f24        0x2 Core/Startup/startup_stm32f103rbtx.o
                0x0000000008000f24                USBWakeUp_IRQHandler
                0x0000000008000f24                EXTI2_IRQHandler
                0x0000000008000f24                TIM1_CC_IRQHandler
                0x0000000008000f24                PVD_IRQHandler
                0x0000000008000f24                EXTI3_IRQHandler
                0x0000000008000f24                EXTI0_IRQHandler
                0x0000000008000f24                I2C2_EV_IRQHandler
                0x0000000008000f24                ADC1_2_IRQHandler
                0x0000000008000f24                SPI1_IRQHandler
                0x0000000008000f24                TAMPER_IRQHandler
                0x0000000008000f24                DMA1_Channel4_IRQHandler
                0x0000000008000f24                USART3_IRQHandler
                0x0000000008000f24                RTC_IRQHandler
                0x0000000008000f24                DMA1_Channel7_IRQHandler
                0x0000000008000f24                CAN1_RX1_IRQHandler
                0x0000000008000f24                I2C1_EV_IRQHandler
                0x0000000008000f24                DMA1_Channel6_IRQHandler
                0x0000000008000f24                TIM3_IRQHandler
                0x0000000008000f24                RCC_IRQHandler
                0x0000000008000f24                TIM1_TRG_COM_IRQHandler
                0x0000000008000f24                DMA1_Channel1_IRQHandler
                0x0000000008000f24                Default_Handler
                0x0000000008000f24                EXTI15_10_IRQHandler
                0x0000000008000f24                EXTI9_5_IRQHandler
                0x0000000008000f24                SPI2_IRQHandler
                0x0000000008000f24                DMA1_Channel5_IRQHandler
                0x0000000008000f24                EXTI4_IRQHandler
                0x0000000008000f24                USB_LP_CAN1_RX0_IRQHandler
                0x0000000008000f24                USB_HP_CAN1_TX_IRQHandler
                0x0000000008000f24                DMA1_Channel3_IRQHandler
                0x0000000008000f24                TIM1_UP_IRQHandler
                0x0000000008000f24                WWDG_IRQHandler
                0x0000000008000f24                TIM2_IRQHandler
                0x0000000008000f24                TIM1_BRK_IRQHandler
                0x0000000008000f24                EXTI1_IRQHandler
                0x0000000008000f24                USART2_IRQHandler
                0x0000000008000f24                I2C2_ER_IRQHandler
                0x0000000008000f24                DMA1_Channel2_IRQHandler
                0x0000000008000f24                CAN1_SCE_IRQHandler
                0x0000000008000f24                FLASH_IRQHandler
                0x0000000008000f24                USART1_IRQHandler
                0x0000000008000f24                I2C1_ER_IRQHandler
                0x0000000008000f24                RTC_Alarm_IRQHandler
 *fill*         0x0000000008000f26        0x2 
 .text.HAL_Init
                0x0000000008000f28       0x2c Drivers/STM32F1xx_HAL_Driver/Src/stm32f1xx_hal.o
                0x0000000008000f28                HAL_Init
 .text.HAL_IncTick
                0x0000000008000f54       0x24 Drivers/STM32F1xx_HAL_Driver/Src/stm32f1xx_hal.o
                0x0000000008000f54                HAL_IncTick
 .text.HAL_GetTick
                0x0000000008000f78       0x14 Drivers/STM32F1xx_HAL_Driver/Src/stm32f1xx_hal.o
                0x0000000008000f78                HAL_GetTick
 .text.HAL_Delay
                0x0000000008000f8c       0x44 Drivers/STM32F1xx_HAL_Driver/Src/stm32f1xx_hal.o
                0x0000000008000f8c                HAL_Delay
 .text.__NVIC_SetPriorityGrouping
                0x0000000008000fd0       0x48 Drivers/STM32F1xx_HAL_Driver/Src/stm32f1xx_hal_cortex.o
 .text.__NVIC_GetPriorityGrouping
                0x0000000008001018       0x1c Drivers/STM32F1xx_HAL_Driver/Src/stm32f1xx_hal_cortex.o
 .text.__NVIC_EnableIRQ
                0x0000000008001034       0x38 Drivers/STM32F1xx_HAL_Driver/Src/stm32f1xx_hal_cortex.o
 .text.__NVIC_SetPriority
                0x000000000800106c       0x54 Drivers/STM32F1xx_HAL_Driver/Src/stm32f1xx_hal_cortex.o
 .text.NVIC_EncodePriority
                0x00000000080010c0       0x64 Drivers/STM32F1xx_HAL_Driver/Src/stm32f1xx_hal_cortex.o
 .text.HAL_NVIC_SetPriorityGrouping
                0x0000000008001124       0x16 Drivers/STM32F1xx_HAL_Driver/Src/stm32f1xx_hal_cortex.o
                0x0000000008001124                HAL_NVIC_SetPriorityGrouping
 .text.HAL_NVIC_SetPriority
                0x000000000800113a       0x38 Drivers/STM32F1xx_HAL_Driver/Src/stm32f1xx_hal_cortex.o
                0x000000000800113a                HAL_NVIC_SetPriority
 .text.HAL_NVIC_EnableIRQ
                0x0000000008001172       0x1c Drivers/STM32F1xx_HAL_Driver/Src/stm32f1xx_hal_cortex.o
                0x0000000008001172                HAL_NVIC_EnableIRQ
 *fill*         0x000000000800118e        0x2 
 .text.HAL_GPIO_Init
                0x0000000008001190      0x2b4 Drivers/STM32F1xx_HAL_Driver/Src/stm32f1xx_hal_gpio.o
                0x0000000008001190                HAL_GPIO_Init
 .text.HAL_GPIO_WritePin
                0x0000000008001444       0x30 Drivers/STM32F1xx_HAL_Driver/Src/stm32f1xx_hal_gpio.o
                0x0000000008001444                HAL_GPIO_WritePin
 .text.HAL_GPIO_TogglePin
                0x0000000008001474       0x32 Drivers/STM32F1xx_HAL_Driver/Src/stm32f1xx_hal_gpio.o
                0x0000000008001474                HAL_GPIO_TogglePin
 *fill*         0x00000000080014a6        0x2 
 .text.HAL_RCC_OscConfig
                0x00000000080014a8      0x500 Drivers/STM32F1xx_HAL_Driver/Src/stm32f1xx_hal_rcc.o
                0x00000000080014a8                HAL_RCC_OscConfig
 .text.HAL_RCC_ClockConfig
                0x00000000080019a8      0x1d4 Drivers/STM32F1xx_HAL_Driver/Src/stm32f1xx_hal_rcc.o
                0x00000000080019a8                HAL_RCC_ClockConfig
 .text.HAL_RCC_GetSysClockFreq
                0x0000000008001b7c       0xc4 Drivers/STM32F1xx_HAL_Driver/Src/stm32f1xx_hal_rcc.o
                0x0000000008001b7c                HAL_RCC_GetSysClockFreq
 .text.HAL_RCC_GetHCLKFreq
                0x0000000008001c40       0x14 Drivers/STM32F1xx_HAL_Driver/Src/stm32f1xx_hal_rcc.o
                0x0000000008001c40                HAL_RCC_GetHCLKFreq
 .text.HAL_RCC_GetPCLK1Freq
                0x0000000008001c54       0x28 Drivers/STM32F1xx_HAL_Driver/Src/stm32f1xx_hal_rcc.o
                0x0000000008001c54                HAL_RCC_GetPCLK1Freq
 .text.HAL_RCC_GetPCLK2Freq
                0x0000000008001c7c       0x28 Drivers/STM32F1xx_HAL_Driver/Src/stm32f1xx_hal_rcc.o
                0x0000000008001c7c                HAL_RCC_GetPCLK2Freq
 .text.HAL_RCC_GetClockConfig
                0x0000000008001ca4       0x60 Drivers/STM32F1xx_HAL_Driver/Src/stm32f1xx_hal_rcc.o
                0x0000000008001ca4                HAL_RCC_GetClockConfig
 .text.RCC_Delay
                0x0000000008001d04       0x3c Drivers/STM32F1xx_HAL_Driver/Src/stm32f1xx_hal_rcc.o
 .text.HAL_TIM_Base_Init
                0x0000000008001d40       0x9e Drivers/STM32F1xx_HAL_Driver/Src/stm32f1xx_hal_tim.o
                0x0000000008001d40                HAL_TIM_Base_Init
 *fill*         0x0000000008001dde        0x2 
 .text.HAL_TIM_Base_Start
                0x0000000008001de0       0x94 Drivers/STM32F1xx_HAL_Driver/Src/stm32f1xx_hal_tim.o
                0x0000000008001de0                HAL_TIM_Base_Start
 .text.HAL_TIM_Base_Start_IT
                0x0000000008001e74       0xa4 Drivers/STM32F1xx_HAL_Driver/Src/stm32f1xx_hal_tim.o
                0x0000000008001e74                HAL_TIM_Base_Start_IT
 .text.HAL_TIM_IRQHandler
                0x0000000008001f18      0x210 Drivers/STM32F1xx_HAL_Driver/Src/stm32f1xx_hal_tim.o
                0x0000000008001f18                HAL_TIM_IRQHandler
 .text.HAL_TIM_ConfigClockSource
                0x0000000008002128      0x16e Drivers/STM32F1xx_HAL_Driver/Src/stm32f1xx_hal_tim.o
                0x0000000008002128                HAL_TIM_ConfigClockSource
 .text.HAL_TIM_OC_DelayElapsedCallback
                0x0000000008002296       0x12 Drivers/STM32F1xx_HAL_Driver/Src/stm32f1xx_hal_tim.o
                0x0000000008002296                HAL_TIM_OC_DelayElapsedCallback
 .text.HAL_TIM_IC_CaptureCallback
                0x00000000080022a8       0x12 Drivers/STM32F1xx_HAL_Driver/Src/stm32f1xx_hal_tim.o
                0x00000000080022a8                HAL_TIM_IC_CaptureCallback
 .text.HAL_TIM_PWM_PulseFinishedCallback
                0x00000000080022ba       0x12 Drivers/STM32F1xx_HAL_Driver/Src/stm32f1xx_hal_tim.o
                0x00000000080022ba                HAL_TIM_PWM_PulseFinishedCallback
 .text.HAL_TIM_TriggerCallback
                0x00000000080022cc       0x12 Drivers/STM32F1xx_HAL_Driver/Src/stm32f1xx_hal_tim.o
                0x00000000080022cc                HAL_TIM_TriggerCallback
 *fill*         0x00000000080022de        0x2 
 .text.TIM_Base_SetConfig
                0x00000000080022e0       0xc4 Drivers/STM32F1xx_HAL_Driver/Src/stm32f1xx_hal_tim.o
                0x00000000080022e0                TIM_Base_SetConfig
 .text.TIM_TI1_ConfigInputStage
                0x00000000080023a4       0x5c Drivers/STM32F1xx_HAL_Driver/Src/stm32f1xx_hal_tim.o
 .text.TIM_TI2_ConfigInputStage
                0x0000000008002400       0x5e Drivers/STM32F1xx_HAL_Driver/Src/stm32f1xx_hal_tim.o
 .text.TIM_ITRx_SetConfig
                0x000000000800245e       0x34 Drivers/STM32F1xx_HAL_Driver/Src/stm32f1xx_hal_tim.o
 .text.TIM_ETR_SetConfig
                0x0000000008002492       0x3e Drivers/STM32F1xx_HAL_Driver/Src/stm32f1xx_hal_tim.o
                0x0000000008002492                TIM_ETR_SetConfig
 .text.HAL_TIMEx_MasterConfigSynchronization
                0x00000000080024d0       0xbc Drivers/STM32F1xx_HAL_Driver/Src/stm32f1xx_hal_tim_ex.o
                0x00000000080024d0                HAL_TIMEx_MasterConfigSynchronization
 .text.HAL_TIMEx_CommutCallback
                0x000000000800258c       0x12 Drivers/STM32F1xx_HAL_Driver/Src/stm32f1xx_hal_tim_ex.o
                0x000000000800258c                HAL_TIMEx_CommutCallback
 .text.HAL_TIMEx_BreakCallback
                0x000000000800259e       0x12 Drivers/STM32F1xx_HAL_Driver/Src/stm32f1xx_hal_tim_ex.o
                0x000000000800259e                HAL_TIMEx_BreakCallback
 .text.HAL_UART_Init
                0x00000000080025b0       0x9a Drivers/STM32F1xx_HAL_Driver/Src/stm32f1xx_hal_uart.o
                0x00000000080025b0                HAL_UART_Init
 .text.HAL_UART_Transmit
                0x000000000800264a      0x124 Drivers/STM32F1xx_HAL_Driver/Src/stm32f1xx_hal_uart.o
                0x000000000800264a                HAL_UART_Transmit
 .text.HAL_UART_Receive
                0x000000000800276e      0x13e Drivers/STM32F1xx_HAL_Driver/Src/stm32f1xx_hal_uart.o
                0x000000000800276e                HAL_UART_Receive
 .text.UART_WaitOnFlagUntilTimeout
                0x00000000080028ac       0x94 Drivers/STM32F1xx_HAL_Driver/Src/stm32f1xx_hal_uart.o
 .text.UART_SetConfig
                0x0000000008002940      0x11c Drivers/STM32F1xx_HAL_Driver/Src/stm32f1xx_hal_uart.o
 .text.osKernelInitialize
                0x0000000008002a5c       0x64 Middlewares/Third_Party/FreeRTOS/Source/CMSIS_RTOS_V2/cmsis_os2.o
                0x0000000008002a5c                osKernelInitialize
 .text.osKernelStart
                0x0000000008002ac0       0x68 Middlewares/Third_Party/FreeRTOS/Source/CMSIS_RTOS_V2/cmsis_os2.o
                0x0000000008002ac0                osKernelStart
 .text.osThreadNew
                0x0000000008002b28      0x154 Middlewares/Third_Party/FreeRTOS/Source/CMSIS_RTOS_V2/cmsis_os2.o
                0x0000000008002b28                osThreadNew
 .text.osDelay  0x0000000008002c7c       0x5c Middlewares/Third_Party/FreeRTOS/Source/CMSIS_RTOS_V2/cmsis_os2.o
                0x0000000008002c7c                osDelay
 .text.TimerCallback
                0x0000000008002cd8       0x2a Middlewares/Third_Party/FreeRTOS/Source/CMSIS_RTOS_V2/cmsis_os2.o
 *fill*         0x0000000008002d02        0x2 
 .text.osTimerNew
                0x0000000008002d04      0x108 Middlewares/Third_Party/FreeRTOS/Source/CMSIS_RTOS_V2/cmsis_os2.o
                0x0000000008002d04                osTimerNew
 .text.osMessageQueueNew
                0x0000000008002e0c      0x10c Middlewares/Third_Party/FreeRTOS/Source/CMSIS_RTOS_V2/cmsis_os2.o
                0x0000000008002e0c                osMessageQueueNew
 .text.osMessageQueuePut
                0x0000000008002f18       0xe8 Middlewares/Third_Party/FreeRTOS/Source/CMSIS_RTOS_V2/cmsis_os2.o
                0x0000000008002f18                osMessageQueuePut
 .text.osMessageQueueGet
                0x0000000008003000       0xe4 Middlewares/Third_Party/FreeRTOS/Source/CMSIS_RTOS_V2/cmsis_os2.o
                0x0000000008003000                osMessageQueueGet
 .text.vApplicationGetIdleTaskMemory
                0x00000000080030e4       0x30 Middlewares/Third_Party/FreeRTOS/Source/CMSIS_RTOS_V2/cmsis_os2.o
                0x00000000080030e4                vApplicationGetIdleTaskMemory
 .text.vApplicationGetTimerTaskMemory
                0x0000000008003114       0x34 Middlewares/Third_Party/FreeRTOS/Source/CMSIS_RTOS_V2/cmsis_os2.o
                0x0000000008003114                vApplicationGetTimerTaskMemory
 .text.vListInitialise
                0x0000000008003148       0x3e Middlewares/Third_Party/FreeRTOS/Source/list.o
                0x0000000008003148                vListInitialise
 .text.vListInitialiseItem
                0x0000000008003186       0x18 Middlewares/Third_Party/FreeRTOS/Source/list.o
                0x0000000008003186                vListInitialiseItem
 .text.vListInsertEnd
                0x000000000800319e       0x46 Middlewares/Third_Party/FreeRTOS/Source/list.o
                0x000000000800319e                vListInsertEnd
 .text.vListInsert
                0x00000000080031e4       0x70 Middlewares/Third_Party/FreeRTOS/Source/list.o
                0x00000000080031e4                vListInsert
 .text.uxListRemove
                0x0000000008003254       0x52 Middlewares/Third_Party/FreeRTOS/Source/list.o
                0x0000000008003254                uxListRemove
 *fill*         0x00000000080032a6        0x2 
 .text.xQueueGenericReset
                0x00000000080032a8       0xd0 Middlewares/Third_Party/FreeRTOS/Source/queue.o
                0x00000000080032a8                xQueueGenericReset
 .text.xQueueGenericCreateStatic
                0x0000000008003378       0xe4 Middlewares/Third_Party/FreeRTOS/Source/queue.o
                0x0000000008003378                xQueueGenericCreateStatic
 .text.xQueueGenericCreate
                0x000000000800345c       0x7a Middlewares/Third_Party/FreeRTOS/Source/queue.o
                0x000000000800345c                xQueueGenericCreate
 .text.prvInitialiseNewQueue
                0x00000000080034d6       0x46 Middlewares/Third_Party/FreeRTOS/Source/queue.o
 .text.xQueueGenericSend
                0x000000000800351c      0x1f4 Middlewares/Third_Party/FreeRTOS/Source/queue.o
                0x000000000800351c                xQueueGenericSend
 .text.xQueueGenericSendFromISR
                0x0000000008003710      0x128 Middlewares/Third_Party/FreeRTOS/Source/queue.o
                0x0000000008003710                xQueueGenericSendFromISR
 .text.xQueueReceive
                0x0000000008003838      0x1b8 Middlewares/Third_Party/FreeRTOS/Source/queue.o
                0x0000000008003838                xQueueReceive
 .text.xQueueReceiveFromISR
                0x00000000080039f0       0xfa Middlewares/Third_Party/FreeRTOS/Source/queue.o
                0x00000000080039f0                xQueueReceiveFromISR
 .text.prvCopyDataToQueue
                0x0000000008003aea       0xd4 Middlewares/Third_Party/FreeRTOS/Source/queue.o
 .text.prvCopyDataFromQueue
                0x0000000008003bbe       0x4c Middlewares/Third_Party/FreeRTOS/Source/queue.o
 .text.prvUnlockQueue
                0x0000000008003c0a       0xa4 Middlewares/Third_Party/FreeRTOS/Source/queue.o
 .text.prvIsQueueEmpty
                0x0000000008003cae       0x2c Middlewares/Third_Party/FreeRTOS/Source/queue.o
 .text.prvIsQueueFull
                0x0000000008003cda       0x30 Middlewares/Third_Party/FreeRTOS/Source/queue.o
 *fill*         0x0000000008003d0a        0x2 
 .text.vQueueAddToRegistry
                0x0000000008003d0c       0x50 Middlewares/Third_Party/FreeRTOS/Source/queue.o
                0x0000000008003d0c                vQueueAddToRegistry
 .text.vQueueWaitForMessageRestricted
                0x0000000008003d5c       0x68 Middlewares/Third_Party/FreeRTOS/Source/queue.o
                0x0000000008003d5c                vQueueWaitForMessageRestricted
 .text.xTaskCreateStatic
                0x0000000008003dc4       0xb2 Middlewares/Third_Party/FreeRTOS/Source/tasks.o
                0x0000000008003dc4                xTaskCreateStatic
 .text.xTaskCreate
                0x0000000008003e76       0x8a Middlewares/Third_Party/FreeRTOS/Source/tasks.o
                0x0000000008003e76                xTaskCreate
 .text.prvInitialiseNewTask
                0x0000000008003f00      0x10c Middlewares/Third_Party/FreeRTOS/Source/tasks.o
 .text.prvAddNewTaskToReadyList
                0x000000000800400c       0xe0 Middlewares/Third_Party/FreeRTOS/Source/tasks.o
 .text.vTaskDelay
                0x00000000080040ec       0x68 Middlewares/Third_Party/FreeRTOS/Source/tasks.o
                0x00000000080040ec                vTaskDelay
 .text.vTaskStartScheduler
                0x0000000008004154       0xc8 Middlewares/Third_Party/FreeRTOS/Source/tasks.o
                0x0000000008004154                vTaskStartScheduler
 .text.vTaskSuspendAll
                0x000000000800421c       0x1c Middlewares/Third_Party/FreeRTOS/Source/tasks.o
                0x000000000800421c                vTaskSuspendAll
 .text.xTaskResumeAll
                0x0000000008004238      0x138 Middlewares/Third_Party/FreeRTOS/Source/tasks.o
                0x0000000008004238                xTaskResumeAll
 .text.xTaskGetTickCount
                0x0000000008004370       0x1c Middlewares/Third_Party/FreeRTOS/Source/tasks.o
                0x0000000008004370                xTaskGetTickCount
 .text.xTaskIncrementTick
                0x000000000800438c      0x17c Middlewares/Third_Party/FreeRTOS/Source/tasks.o
                0x000000000800438c                xTaskIncrementTick
 .text.vTaskSwitchContext
                0x0000000008004508       0xb8 Middlewares/Third_Party/FreeRTOS/Source/tasks.o
                0x0000000008004508                vTaskSwitchContext
 .text.vTaskPlaceOnEventList
                0x00000000080045c0       0x48 Middlewares/Third_Party/FreeRTOS/Source/tasks.o
                0x00000000080045c0                vTaskPlaceOnEventList
 .text.vTaskPlaceOnEventListRestricted
                0x0000000008004608       0x54 Middlewares/Third_Party/FreeRTOS/Source/tasks.o
                0x0000000008004608                vTaskPlaceOnEventListRestricted
 .text.xTaskRemoveFromEventList
                0x000000000800465c       0xc4 Middlewares/Third_Party/FreeRTOS/Source/tasks.o
                0x000000000800465c                xTaskRemoveFromEventList
 .text.vTaskInternalSetTimeOutState
                0x0000000008004720       0x2c Middlewares/Third_Party/FreeRTOS/Source/tasks.o
                0x0000000008004720                vTaskInternalSetTimeOutState
 .text.xTaskCheckForTimeOut
                0x000000000800474c       0xc0 Middlewares/Third_Party/FreeRTOS/Source/tasks.o
                0x000000000800474c                xTaskCheckForTimeOut
 .text.vTaskMissedYield
                0x000000000800480c       0x18 Middlewares/Third_Party/FreeRTOS/Source/tasks.o
                0x000000000800480c                vTaskMissedYield
 .text.prvIdleTask
                0x0000000008004824       0x30 Middlewares/Third_Party/FreeRTOS/Source/tasks.o
 .text.prvInitialiseTaskLists
                0x0000000008004854       0x80 Middlewares/Third_Party/FreeRTOS/Source/tasks.o
 .text.prvCheckTasksWaitingTermination
                0x00000000080048d4       0x58 Middlewares/Third_Party/FreeRTOS/Source/tasks.o
 .text.prvDeleteTCB
                0x000000000800492c       0x5c Middlewares/Third_Party/FreeRTOS/Source/tasks.o
 .text.prvResetNextTaskUnblockTime
                0x0000000008004988       0x48 Middlewares/Third_Party/FreeRTOS/Source/tasks.o
 .text.xTaskGetSchedulerState
                0x00000000080049d0       0x3c Middlewares/Third_Party/FreeRTOS/Source/tasks.o
                0x00000000080049d0                xTaskGetSchedulerState
 .text.xTaskPriorityDisinherit
                0x0000000008004a0c       0xd8 Middlewares/Third_Party/FreeRTOS/Source/tasks.o
                0x0000000008004a0c                xTaskPriorityDisinherit
 .text.prvAddCurrentTaskToDelayedList
                0x0000000008004ae4       0xa8 Middlewares/Third_Party/FreeRTOS/Source/tasks.o
 .text.xTimerCreateTimerTask
                0x0000000008004b8c       0x90 Middlewares/Third_Party/FreeRTOS/Source/timers.o
                0x0000000008004b8c                xTimerCreateTimerTask
 .text.xTimerCreate
                0x0000000008004c1c       0x42 Middlewares/Third_Party/FreeRTOS/Source/timers.o
                0x0000000008004c1c                xTimerCreate
 .text.xTimerCreateStatic
                0x0000000008004c5e       0x76 Middlewares/Third_Party/FreeRTOS/Source/timers.o
                0x0000000008004c5e                xTimerCreateStatic
 .text.prvInitialiseNewTimer
                0x0000000008004cd4       0x62 Middlewares/Third_Party/FreeRTOS/Source/timers.o
 *fill*         0x0000000008004d36        0x2 
 .text.xTimerGenericCommand
                0x0000000008004d38       0x98 Middlewares/Third_Party/FreeRTOS/Source/timers.o
                0x0000000008004d38                xTimerGenericCommand
 .text.prvProcessExpiredTimer
                0x0000000008004dd0       0x80 Middlewares/Third_Party/FreeRTOS/Source/timers.o
 .text.prvTimerTask
                0x0000000008004e50       0x24 Middlewares/Third_Party/FreeRTOS/Source/timers.o
 .text.prvProcessTimerOrBlockTask
                0x0000000008004e74       0x9c Middlewares/Third_Party/FreeRTOS/Source/timers.o
 .text.prvGetNextExpireTime
                0x0000000008004f10       0x48 Middlewares/Third_Party/FreeRTOS/Source/timers.o
 .text.prvSampleTimeNow
                0x0000000008004f58       0x40 Middlewares/Third_Party/FreeRTOS/Source/timers.o
 .text.prvInsertTimerInActiveList
                0x0000000008004f98       0x84 Middlewares/Third_Party/FreeRTOS/Source/timers.o
 .text.prvProcessReceivedCommands
                0x000000000800501c      0x160 Middlewares/Third_Party/FreeRTOS/Source/timers.o
 .text.prvSwitchTimerLists
                0x000000000800517c       0xc0 Middlewares/Third_Party/FreeRTOS/Source/timers.o
 .text.prvCheckForValidListAndQueue
                0x000000000800523c       0x80 Middlewares/Third_Party/FreeRTOS/Source/timers.o
 .text.pvTimerGetTimerID
                0x00000000080052bc       0x3e Middlewares/Third_Party/FreeRTOS/Source/timers.o
                0x00000000080052bc                pvTimerGetTimerID
 *fill*         0x00000000080052fa        0x2 
 .text.pxPortInitialiseStack
                0x00000000080052fc       0x58 Middlewares/Third_Party/FreeRTOS/Source/portable/GCC/ARM_CM3/port.o
                0x00000000080052fc                pxPortInitialiseStack
 .text.prvTaskExitError
                0x0000000008005354       0x50 Middlewares/Third_Party/FreeRTOS/Source/portable/GCC/ARM_CM3/port.o
 *fill*         0x00000000080053a4        0xc 
 .text.SVC_Handler
                0x00000000080053b0       0x28 Middlewares/Third_Party/FreeRTOS/Source/portable/GCC/ARM_CM3/port.o
                0x00000000080053b0                SVC_Handler
 .text.prvPortStartFirstTask
                0x00000000080053d8       0x20 Middlewares/Third_Party/FreeRTOS/Source/portable/GCC/ARM_CM3/port.o
 .text.xPortStartScheduler
                0x00000000080053f8       0xe0 Middlewares/Third_Party/FreeRTOS/Source/portable/GCC/ARM_CM3/port.o
                0x00000000080053f8                xPortStartScheduler
 .text.vPortEnterCritical
                0x00000000080054d8       0x5c Middlewares/Third_Party/FreeRTOS/Source/portable/GCC/ARM_CM3/port.o
                0x00000000080054d8                vPortEnterCritical
 .text.vPortExitCritical
                0x0000000008005534       0x4c Middlewares/Third_Party/FreeRTOS/Source/portable/GCC/ARM_CM3/port.o
                0x0000000008005534                vPortExitCritical
 .text.PendSV_Handler
                0x0000000008005580       0x48 Middlewares/Third_Party/FreeRTOS/Source/portable/GCC/ARM_CM3/port.o
                0x0000000008005580                PendSV_Handler
 .text.SysTick_Handler
                0x00000000080055c8       0x40 Middlewares/Third_Party/FreeRTOS/Source/portable/GCC/ARM_CM3/port.o
                0x00000000080055c8                SysTick_Handler
 .text.vPortSetupTimerInterrupt
                0x0000000008005608       0x44 Middlewares/Third_Party/FreeRTOS/Source/portable/GCC/ARM_CM3/port.o
                0x0000000008005608                vPortSetupTimerInterrupt
 .text.vPortValidateInterruptPriority
                0x000000000800564c       0x78 Middlewares/Third_Party/FreeRTOS/Source/portable/GCC/ARM_CM3/port.o
                0x000000000800564c                vPortValidateInterruptPriority
 .text.pvPortMalloc
                0x00000000080056c4      0x184 Middlewares/Third_Party/FreeRTOS/Source/portable/MemMang/heap_4.o
                0x00000000080056c4                pvPortMalloc
 .text.vPortFree
                0x0000000008005848       0xb0 Middlewares/Third_Party/FreeRTOS/Source/portable/MemMang/heap_4.o
                0x0000000008005848                vPortFree
 .text.prvHeapInit
                0x00000000080058f8       0xc4 Middlewares/Third_Party/FreeRTOS/Source/portable/MemMang/heap_4.o
 .text.prvInsertBlockIntoFreeList
                0x00000000080059bc       0xb0 Middlewares/Third_Party/FreeRTOS/Source/portable/MemMang/heap_4.o
 .text.atoi     0x0000000008005a6c        0x8 /Applications/STM32CubeIDE.app/Contents/Eclipse/plugins/com.st.stm32cube.ide.mcu.externaltools.gnu-tools-for-stm32.7-2018-q2-update.macos64_1.4.0.202007081208/tools/bin/../lib/gcc/arm-none-eabi/7.3.1/../../../../arm-none-eabi/lib/thumb/v7-m/libc_nano.a(lib_a-atoi.o)
                0x0000000008005a6c                atoi
 .text.__errno  0x0000000008005a74        0xc /Applications/STM32CubeIDE.app/Contents/Eclipse/plugins/com.st.stm32cube.ide.mcu.externaltools.gnu-tools-for-stm32.7-2018-q2-update.macos64_1.4.0.202007081208/tools/bin/../lib/gcc/arm-none-eabi/7.3.1/../../../../arm-none-eabi/lib/thumb/v7-m/libc_nano.a(lib_a-errno.o)
                0x0000000008005a74                __errno
 .text.__libc_init_array
                0x0000000008005a80       0x48 /Applications/STM32CubeIDE.app/Contents/Eclipse/plugins/com.st.stm32cube.ide.mcu.externaltools.gnu-tools-for-stm32.7-2018-q2-update.macos64_1.4.0.202007081208/tools/bin/../lib/gcc/arm-none-eabi/7.3.1/../../../../arm-none-eabi/lib/thumb/v7-m/libc_nano.a(lib_a-init.o)
                0x0000000008005a80                __libc_init_array
 .text.memcpy   0x0000000008005ac8       0x16 /Applications/STM32CubeIDE.app/Contents/Eclipse/plugins/com.st.stm32cube.ide.mcu.externaltools.gnu-tools-for-stm32.7-2018-q2-update.macos64_1.4.0.202007081208/tools/bin/../lib/gcc/arm-none-eabi/7.3.1/../../../../arm-none-eabi/lib/thumb/v7-m/libc_nano.a(lib_a-memcpy-stub.o)
                0x0000000008005ac8                memcpy
 .text.memset   0x0000000008005ade       0x10 /Applications/STM32CubeIDE.app/Contents/Eclipse/plugins/com.st.stm32cube.ide.mcu.externaltools.gnu-tools-for-stm32.7-2018-q2-update.macos64_1.4.0.202007081208/tools/bin/../lib/gcc/arm-none-eabi/7.3.1/../../../../arm-none-eabi/lib/thumb/v7-m/libc_nano.a(lib_a-memset.o)
                0x0000000008005ade                memset
 *fill*         0x0000000008005aee        0x2 
 .text.snprintf
                0x0000000008005af0       0x68 /Applications/STM32CubeIDE.app/Contents/Eclipse/plugins/com.st.stm32cube.ide.mcu.externaltools.gnu-tools-for-stm32.7-2018-q2-update.macos64_1.4.0.202007081208/tools/bin/../lib/gcc/arm-none-eabi/7.3.1/../../../../arm-none-eabi/lib/thumb/v7-m/libc_nano.a(lib_a-snprintf.o)
                0x0000000008005af0                snprintf
                0x0000000008005af0                sniprintf
 .text._strtol_l.isra.0
                0x0000000008005b58       0xf6 /Applications/STM32CubeIDE.app/Contents/Eclipse/plugins/com.st.stm32cube.ide.mcu.externaltools.gnu-tools-for-stm32.7-2018-q2-update.macos64_1.4.0.202007081208/tools/bin/../lib/gcc/arm-none-eabi/7.3.1/../../../../arm-none-eabi/lib/thumb/v7-m/libc_nano.a(lib_a-strtol.o)
 *fill*         0x0000000008005c4e        0x2 
 .text.strtol   0x0000000008005c50       0x2c /Applications/STM32CubeIDE.app/Contents/Eclipse/plugins/com.st.stm32cube.ide.mcu.externaltools.gnu-tools-for-stm32.7-2018-q2-update.macos64_1.4.0.202007081208/tools/bin/../lib/gcc/arm-none-eabi/7.3.1/../../../../arm-none-eabi/lib/thumb/v7-m/libc_nano.a(lib_a-strtol.o)
                0x0000000008005c50                strtol
 .text.__locale_ctype_ptr_l
                0x0000000008005c7c        0x6 /Applications/STM32CubeIDE.app/Contents/Eclipse/plugins/com.st.stm32cube.ide.mcu.externaltools.gnu-tools-for-stm32.7-2018-q2-update.macos64_1.4.0.202007081208/tools/bin/../lib/gcc/arm-none-eabi/7.3.1/../../../../arm-none-eabi/lib/thumb/v7-m/libc_nano.a(lib_a-locale.o)
                0x0000000008005c7c                __locale_ctype_ptr_l
 .text.__ascii_mbtowc
                0x0000000008005c82       0x24 /Applications/STM32CubeIDE.app/Contents/Eclipse/plugins/com.st.stm32cube.ide.mcu.externaltools.gnu-tools-for-stm32.7-2018-q2-update.macos64_1.4.0.202007081208/tools/bin/../lib/gcc/arm-none-eabi/7.3.1/../../../../arm-none-eabi/lib/thumb/v7-m/libc_nano.a(lib_a-mbtowc_r.o)
                0x0000000008005c82                __ascii_mbtowc
 .text.__ssputs_r
                0x0000000008005ca6       0xb4 /Applications/STM32CubeIDE.app/Contents/Eclipse/plugins/com.st.stm32cube.ide.mcu.externaltools.gnu-tools-for-stm32.7-2018-q2-update.macos64_1.4.0.202007081208/tools/bin/../lib/gcc/arm-none-eabi/7.3.1/../../../../arm-none-eabi/lib/thumb/v7-m/libc_nano.a(lib_a-nano-svfprintf.o)
                0x0000000008005ca6                __ssputs_r
 *fill*         0x0000000008005d5a        0x2 
 .text._svfprintf_r
                0x0000000008005d5c      0x1f0 /Applications/STM32CubeIDE.app/Contents/Eclipse/plugins/com.st.stm32cube.ide.mcu.externaltools.gnu-tools-for-stm32.7-2018-q2-update.macos64_1.4.0.202007081208/tools/bin/../lib/gcc/arm-none-eabi/7.3.1/../../../../arm-none-eabi/lib/thumb/v7-m/libc_nano.a(lib_a-nano-svfprintf.o)
                0x0000000008005d5c                _svfprintf_r
                0x0000000008005d5c                _svfiprintf_r
 .text._printf_common
                0x0000000008005f4c       0xec /Applications/STM32CubeIDE.app/Contents/Eclipse/plugins/com.st.stm32cube.ide.mcu.externaltools.gnu-tools-for-stm32.7-2018-q2-update.macos64_1.4.0.202007081208/tools/bin/../lib/gcc/arm-none-eabi/7.3.1/../../../../arm-none-eabi/lib/thumb/v7-m/libc_nano.a(lib_a-nano-vfprintf_i.o)
                0x0000000008005f4c                _printf_common
 .text._printf_i
                0x0000000008006038      0x224 /Applications/STM32CubeIDE.app/Contents/Eclipse/plugins/com.st.stm32cube.ide.mcu.externaltools.gnu-tools-for-stm32.7-2018-q2-update.macos64_1.4.0.202007081208/tools/bin/../lib/gcc/arm-none-eabi/7.3.1/../../../../arm-none-eabi/lib/thumb/v7-m/libc_nano.a(lib_a-nano-vfprintf_i.o)
                0x0000000008006038                _printf_i
 .text.__ascii_wctomb
                0x000000000800625c       0x1a /Applications/STM32CubeIDE.app/Contents/Eclipse/plugins/com.st.stm32cube.ide.mcu.externaltools.gnu-tools-for-stm32.7-2018-q2-update.macos64_1.4.0.202007081208/tools/bin/../lib/gcc/arm-none-eabi/7.3.1/../../../../arm-none-eabi/lib/thumb/v7-m/libc_nano.a(lib_a-wctomb_r.o)
                0x000000000800625c                __ascii_wctomb
 .text.memchr   0x0000000008006276       0x1c /Applications/STM32CubeIDE.app/Contents/Eclipse/plugins/com.st.stm32cube.ide.mcu.externaltools.gnu-tools-for-stm32.7-2018-q2-update.macos64_1.4.0.202007081208/tools/bin/../lib/gcc/arm-none-eabi/7.3.1/../../../../arm-none-eabi/lib/thumb/v7-m/libc_nano.a(lib_a-memchr-stub.o)
                0x0000000008006276                memchr
 .text.memmove  0x0000000008006292       0x32 /Applications/STM32CubeIDE.app/Contents/Eclipse/plugins/com.st.stm32cube.ide.mcu.externaltools.gnu-tools-for-stm32.7-2018-q2-update.macos64_1.4.0.202007081208/tools/bin/../lib/gcc/arm-none-eabi/7.3.1/../../../../arm-none-eabi/lib/thumb/v7-m/libc_nano.a(lib_a-memmove.o)
                0x0000000008006292                memmove
 .text._free_r  0x00000000080062c4       0x98 /Applications/STM32CubeIDE.app/Contents/Eclipse/plugins/com.st.stm32cube.ide.mcu.externaltools.gnu-tools-for-stm32.7-2018-q2-update.macos64_1.4.0.202007081208/tools/bin/../lib/gcc/arm-none-eabi/7.3.1/../../../../arm-none-eabi/lib/thumb/v7-m/libc_nano.a(lib_a-nano-freer.o)
                0x00000000080062c4                _free_r
 .text._malloc_r
                0x000000000800635c       0xb4 /Applications/STM32CubeIDE.app/Contents/Eclipse/plugins/com.st.stm32cube.ide.mcu.externaltools.gnu-tools-for-stm32.7-2018-q2-update.macos64_1.4.0.202007081208/tools/bin/../lib/gcc/arm-none-eabi/7.3.1/../../../../arm-none-eabi/lib/thumb/v7-m/libc_nano.a(lib_a-nano-mallocr.o)
                0x000000000800635c                _malloc_r
 .text._realloc_r
                0x0000000008006410       0x4c /Applications/STM32CubeIDE.app/Contents/Eclipse/plugins/com.st.stm32cube.ide.mcu.externaltools.gnu-tools-for-stm32.7-2018-q2-update.macos64_1.4.0.202007081208/tools/bin/../lib/gcc/arm-none-eabi/7.3.1/../../../../arm-none-eabi/lib/thumb/v7-m/libc_nano.a(lib_a-nano-reallocr.o)
                0x0000000008006410                _realloc_r
 .text._sbrk_r  0x000000000800645c       0x20 /Applications/STM32CubeIDE.app/Contents/Eclipse/plugins/com.st.stm32cube.ide.mcu.externaltools.gnu-tools-for-stm32.7-2018-q2-update.macos64_1.4.0.202007081208/tools/bin/../lib/gcc/arm-none-eabi/7.3.1/../../../../arm-none-eabi/lib/thumb/v7-m/libc_nano.a(lib_a-sbrkr.o)
                0x000000000800645c                _sbrk_r
 .text.__malloc_lock
                0x000000000800647c        0x2 /Applications/STM32CubeIDE.app/Contents/Eclipse/plugins/com.st.stm32cube.ide.mcu.externaltools.gnu-tools-for-stm32.7-2018-q2-update.macos64_1.4.0.202007081208/tools/bin/../lib/gcc/arm-none-eabi/7.3.1/../../../../arm-none-eabi/lib/thumb/v7-m/libc_nano.a(lib_a-mlock.o)
                0x000000000800647c                __malloc_lock
 .text.__malloc_unlock
                0x000000000800647e        0x2 /Applications/STM32CubeIDE.app/Contents/Eclipse/plugins/com.st.stm32cube.ide.mcu.externaltools.gnu-tools-for-stm32.7-2018-q2-update.macos64_1.4.0.202007081208/tools/bin/../lib/gcc/arm-none-eabi/7.3.1/../../../../arm-none-eabi/lib/thumb/v7-m/libc_nano.a(lib_a-mlock.o)
                0x000000000800647e                __malloc_unlock
 .text._malloc_usable_size_r
                0x0000000008006480       0x10 /Applications/STM32CubeIDE.app/Contents/Eclipse/plugins/com.st.stm32cube.ide.mcu.externaltools.gnu-tools-for-stm32.7-2018-q2-update.macos64_1.4.0.202007081208/tools/bin/../lib/gcc/arm-none-eabi/7.3.1/../../../../arm-none-eabi/lib/thumb/v7-m/libc_nano.a(lib_a-nano-msizer.o)
                0x0000000008006480                _malloc_usable_size_r
 *(.glue_7)
 .glue_7        0x0000000008006490        0x0 linker stubs
 *(.glue_7t)
 .glue_7t       0x0000000008006490        0x0 linker stubs
 *(.eh_frame)
 .eh_frame      0x0000000008006490        0x0 /Applications/STM32CubeIDE.app/Contents/Eclipse/plugins/com.st.stm32cube.ide.mcu.externaltools.gnu-tools-for-stm32.7-2018-q2-update.macos64_1.4.0.202007081208/tools/bin/../lib/gcc/arm-none-eabi/7.3.1/thumb/v7-m/crtbegin.o
 *(.init)
 .init          0x0000000008006490        0x4 /Applications/STM32CubeIDE.app/Contents/Eclipse/plugins/com.st.stm32cube.ide.mcu.externaltools.gnu-tools-for-stm32.7-2018-q2-update.macos64_1.4.0.202007081208/tools/bin/../lib/gcc/arm-none-eabi/7.3.1/thumb/v7-m/crti.o
                0x0000000008006490                _init
 .init          0x0000000008006494        0x8 /Applications/STM32CubeIDE.app/Contents/Eclipse/plugins/com.st.stm32cube.ide.mcu.externaltools.gnu-tools-for-stm32.7-2018-q2-update.macos64_1.4.0.202007081208/tools/bin/../lib/gcc/arm-none-eabi/7.3.1/thumb/v7-m/crtn.o
 *(.fini)
 .fini          0x000000000800649c        0x4 /Applications/STM32CubeIDE.app/Contents/Eclipse/plugins/com.st.stm32cube.ide.mcu.externaltools.gnu-tools-for-stm32.7-2018-q2-update.macos64_1.4.0.202007081208/tools/bin/../lib/gcc/arm-none-eabi/7.3.1/thumb/v7-m/crti.o
                0x000000000800649c                _fini
 .fini          0x00000000080064a0        0x8 /Applications/STM32CubeIDE.app/Contents/Eclipse/plugins/com.st.stm32cube.ide.mcu.externaltools.gnu-tools-for-stm32.7-2018-q2-update.macos64_1.4.0.202007081208/tools/bin/../lib/gcc/arm-none-eabi/7.3.1/thumb/v7-m/crtn.o
                0x00000000080064a8                . = ALIGN (0x4)
                0x00000000080064a8                _etext = .

.vfp11_veneer   0x00000000080064a8        0x0
 .vfp11_veneer  0x00000000080064a8        0x0 linker stubs

.v4_bx          0x00000000080064a8        0x0
 .v4_bx         0x00000000080064a8        0x0 linker stubs

.iplt           0x00000000080064a8        0x0
 .iplt          0x00000000080064a8        0x0 /Applications/STM32CubeIDE.app/Contents/Eclipse/plugins/com.st.stm32cube.ide.mcu.externaltools.gnu-tools-for-stm32.7-2018-q2-update.macos64_1.4.0.202007081208/tools/bin/../lib/gcc/arm-none-eabi/7.3.1/thumb/v7-m/crtbegin.o

.rodata         0x00000000080064a8      0x36c
                0x00000000080064a8                . = ALIGN (0x4)
 *(.rodata)
 .rodata        0x00000000080064a8      0x13c Core/Src/main.o
 .rodata        0x00000000080065e4       0x12 Drivers/STM32F1xx_HAL_Driver/Src/stm32f1xx_hal_rcc.o
 *fill*         0x00000000080065f6        0x2 
 .rodata        0x00000000080065f8        0x5 Middlewares/Third_Party/FreeRTOS/Source/tasks.o
 *fill*         0x00000000080065fd        0x3 
 .rodata        0x0000000008006600        0xd Middlewares/Third_Party/FreeRTOS/Source/timers.o
 *(.rodata*)
 *fill*         0x000000000800660d        0x3 
 .rodata.cliTask_attributes
                0x0000000008006610       0x24 Core/Src/main.o
                0x0000000008006610                cliTask_attributes
 .rodata.statusUpdate_attributes
                0x0000000008006634       0x24 Core/Src/main.o
                0x0000000008006634                statusUpdate_attributes
 .rodata.stateController_attributes
                0x0000000008006658       0x24 Core/Src/main.o
                0x0000000008006658                stateController_attributes
 .rodata.CLI_Queue_attributes
                0x000000000800667c       0x18 Core/Src/main.o
                0x000000000800667c                CLI_Queue_attributes
 .rodata.Status_Queue_attributes
                0x0000000008006694       0x18 Core/Src/main.o
                0x0000000008006694                Status_Queue_attributes
 .rodata.myTimer01_attributes
                0x00000000080066ac       0x10 Core/Src/main.o
                0x00000000080066ac                myTimer01_attributes
 .rodata.AHBPrescTable
                0x00000000080066bc       0x10 Core/Src/system_stm32f1xx.o
                0x00000000080066bc                AHBPrescTable
 .rodata.APBPrescTable
                0x00000000080066cc        0x8 Core/Src/system_stm32f1xx.o
                0x00000000080066cc                APBPrescTable
 .rodata._setlocale_r.str1.1
                0x00000000080066d4        0x8 /Applications/STM32CubeIDE.app/Contents/Eclipse/plugins/com.st.stm32cube.ide.mcu.externaltools.gnu-tools-for-stm32.7-2018-q2-update.macos64_1.4.0.202007081208/tools/bin/../lib/gcc/arm-none-eabi/7.3.1/../../../../arm-none-eabi/lib/thumb/v7-m/libc_nano.a(lib_a-locale.o)
                                          0x9 (size before relaxing)
 .rodata.str1.1
                0x00000000080066dc        0x2 /Applications/STM32CubeIDE.app/Contents/Eclipse/plugins/com.st.stm32cube.ide.mcu.externaltools.gnu-tools-for-stm32.7-2018-q2-update.macos64_1.4.0.202007081208/tools/bin/../lib/gcc/arm-none-eabi/7.3.1/../../../../arm-none-eabi/lib/thumb/v7-m/libc_nano.a(lib_a-locale.o)
 .rodata._svfprintf_r.str1.1
                0x00000000080066de       0x11 /Applications/STM32CubeIDE.app/Contents/Eclipse/plugins/com.st.stm32cube.ide.mcu.externaltools.gnu-tools-for-stm32.7-2018-q2-update.macos64_1.4.0.202007081208/tools/bin/../lib/gcc/arm-none-eabi/7.3.1/../../../../arm-none-eabi/lib/thumb/v7-m/libc_nano.a(lib_a-nano-svfprintf.o)
 .rodata._printf_i.str1.1
                0x00000000080066ef       0x22 /Applications/STM32CubeIDE.app/Contents/Eclipse/plugins/com.st.stm32cube.ide.mcu.externaltools.gnu-tools-for-stm32.7-2018-q2-update.macos64_1.4.0.202007081208/tools/bin/../lib/gcc/arm-none-eabi/7.3.1/../../../../arm-none-eabi/lib/thumb/v7-m/libc_nano.a(lib_a-nano-vfprintf_i.o)
 .rodata._ctype_
                0x0000000008006711      0x101 /Applications/STM32CubeIDE.app/Contents/Eclipse/plugins/com.st.stm32cube.ide.mcu.externaltools.gnu-tools-for-stm32.7-2018-q2-update.macos64_1.4.0.202007081208/tools/bin/../lib/gcc/arm-none-eabi/7.3.1/../../../../arm-none-eabi/lib/thumb/v7-m/libc_nano.a(lib_a-ctype_.o)
                0x0000000008006711                _ctype_
                0x0000000008006814                . = ALIGN (0x4)
 *fill*         0x0000000008006812        0x2 

.rel.dyn        0x0000000008006814        0x0
 .rel.iplt      0x0000000008006814        0x0 /Applications/STM32CubeIDE.app/Contents/Eclipse/plugins/com.st.stm32cube.ide.mcu.externaltools.gnu-tools-for-stm32.7-2018-q2-update.macos64_1.4.0.202007081208/tools/bin/../lib/gcc/arm-none-eabi/7.3.1/thumb/v7-m/crtbegin.o

.ARM.extab      0x0000000008006814        0x0
                0x0000000008006814                . = ALIGN (0x4)
 *(.ARM.extab* .gnu.linkonce.armextab.*)
                0x0000000008006814                . = ALIGN (0x4)

.ARM            0x0000000008006814        0x0
                0x0000000008006814                . = ALIGN (0x4)
                0x0000000008006814                __exidx_start = .
 *(.ARM.exidx*)
                0x0000000008006814                __exidx_end = .
                0x0000000008006814                . = ALIGN (0x4)

.preinit_array  0x0000000008006814        0x0
                0x0000000008006814                . = ALIGN (0x4)
                0x0000000008006814                PROVIDE (__preinit_array_start = .)
 *(.preinit_array*)
                0x0000000008006814                PROVIDE (__preinit_array_end = .)
                0x0000000008006814                . = ALIGN (0x4)

.init_array     0x0000000008006814        0x4
                0x0000000008006814                . = ALIGN (0x4)
                0x0000000008006814                PROVIDE (__init_array_start = .)
 *(SORT_BY_NAME(.init_array.*))
 *(.init_array*)
 .init_array    0x0000000008006814        0x4 /Applications/STM32CubeIDE.app/Contents/Eclipse/plugins/com.st.stm32cube.ide.mcu.externaltools.gnu-tools-for-stm32.7-2018-q2-update.macos64_1.4.0.202007081208/tools/bin/../lib/gcc/arm-none-eabi/7.3.1/thumb/v7-m/crtbegin.o
                0x0000000008006818                PROVIDE (__init_array_end = .)
                0x0000000008006818                . = ALIGN (0x4)

.fini_array     0x0000000008006818        0x4
                0x0000000008006818                . = ALIGN (0x4)
                [!provide]                        PROVIDE (__fini_array_start = .)
 *(SORT_BY_NAME(.fini_array.*))
 *(.fini_array*)
 .fini_array    0x0000000008006818        0x4 /Applications/STM32CubeIDE.app/Contents/Eclipse/plugins/com.st.stm32cube.ide.mcu.externaltools.gnu-tools-for-stm32.7-2018-q2-update.macos64_1.4.0.202007081208/tools/bin/../lib/gcc/arm-none-eabi/7.3.1/thumb/v7-m/crtbegin.o
                [!provide]                        PROVIDE (__fini_array_end = .)
                0x000000000800681c                . = ALIGN (0x4)
                0x000000000800681c                _sidata = LOADADDR (.data)

.data           0x0000000020000000      0x1e4 load address 0x000000000800681c
                0x0000000020000000                . = ALIGN (0x4)
                0x0000000020000000                _sdata = .
 *(.data)
 *(.data*)
 .data.ENTER_CMD
                0x0000000020000000        0x4 Core/Src/main.o
 .data.SystemCoreClock
                0x0000000020000004        0x4 Core/Src/system_stm32f1xx.o
                0x0000000020000004                SystemCoreClock
 .data.uwTickPrio
                0x0000000020000008        0x4 Drivers/STM32F1xx_HAL_Driver/Src/stm32f1xx_hal.o
                0x0000000020000008                uwTickPrio
 .data.uwTickFreq
                0x000000002000000c        0x1 Drivers/STM32F1xx_HAL_Driver/Src/stm32f1xx_hal.o
                0x000000002000000c                uwTickFreq
 *fill*         0x000000002000000d        0x3 
 .data.uxCriticalNesting
                0x0000000020000010        0x4 Middlewares/Third_Party/FreeRTOS/Source/portable/GCC/ARM_CM3/port.o
 .data._impure_ptr
                0x0000000020000014        0x4 /Applications/STM32CubeIDE.app/Contents/Eclipse/plugins/com.st.stm32cube.ide.mcu.externaltools.gnu-tools-for-stm32.7-2018-q2-update.macos64_1.4.0.202007081208/tools/bin/../lib/gcc/arm-none-eabi/7.3.1/../../../../arm-none-eabi/lib/thumb/v7-m/libc_nano.a(lib_a-impure.o)
                0x0000000020000014                _impure_ptr
 .data.impure_data
                0x0000000020000018       0x60 /Applications/STM32CubeIDE.app/Contents/Eclipse/plugins/com.st.stm32cube.ide.mcu.externaltools.gnu-tools-for-stm32.7-2018-q2-update.macos64_1.4.0.202007081208/tools/bin/../lib/gcc/arm-none-eabi/7.3.1/../../../../arm-none-eabi/lib/thumb/v7-m/libc_nano.a(lib_a-impure.o)
 .data.__global_locale
                0x0000000020000078      0x16c /Applications/STM32CubeIDE.app/Contents/Eclipse/plugins/com.st.stm32cube.ide.mcu.externaltools.gnu-tools-for-stm32.7-2018-q2-update.macos64_1.4.0.202007081208/tools/bin/../lib/gcc/arm-none-eabi/7.3.1/../../../../arm-none-eabi/lib/thumb/v7-m/libc_nano.a(lib_a-locale.o)
                0x0000000020000078                __global_locale
                0x00000000200001e4                . = ALIGN (0x4)
                0x00000000200001e4                _edata = .

.igot.plt       0x00000000200001e4        0x0 load address 0x0000000008006a00
 .igot.plt      0x00000000200001e4        0x0 /Applications/STM32CubeIDE.app/Contents/Eclipse/plugins/com.st.stm32cube.ide.mcu.externaltools.gnu-tools-for-stm32.7-2018-q2-update.macos64_1.4.0.202007081208/tools/bin/../lib/gcc/arm-none-eabi/7.3.1/thumb/v7-m/crtbegin.o
                0x00000000200001e4                . = ALIGN (0x4)

.bss            0x00000000200001e4     0x1b34 load address 0x0000000008006a00
                0x00000000200001e4                _sbss = .
                0x00000000200001e4                __bss_start__ = _sbss
 *(.bss)
 .bss           0x00000000200001e4       0x1c /Applications/STM32CubeIDE.app/Contents/Eclipse/plugins/com.st.stm32cube.ide.mcu.externaltools.gnu-tools-for-stm32.7-2018-q2-update.macos64_1.4.0.202007081208/tools/bin/../lib/gcc/arm-none-eabi/7.3.1/thumb/v7-m/crtbegin.o
 *(.bss*)
 .bss.line_complete
                0x0000000020000200        0x1 Core/Src/main.o
                0x0000000020000200                line_complete
 *fill*         0x0000000020000201        0x3 
 .bss.outstring.8320
                0x0000000020000204       0x64 Core/Src/main.o
 .bss.__sbrk_heap_end
                0x0000000020000268        0x4 Core/Src/sysmem.o
 .bss.KernelState
                0x000000002000026c        0x4 Middlewares/Third_Party/FreeRTOS/Source/CMSIS_RTOS_V2/cmsis_os2.o
 .bss.Idle_TCB  0x0000000020000270       0x5c Middlewares/Third_Party/FreeRTOS/Source/CMSIS_RTOS_V2/cmsis_os2.o
 .bss.Idle_Stack
                0x00000000200002cc      0x200 Middlewares/Third_Party/FreeRTOS/Source/CMSIS_RTOS_V2/cmsis_os2.o
 .bss.Timer_TCB
                0x00000000200004cc       0x5c Middlewares/Third_Party/FreeRTOS/Source/CMSIS_RTOS_V2/cmsis_os2.o
 .bss.Timer_Stack
                0x0000000020000528      0x400 Middlewares/Third_Party/FreeRTOS/Source/CMSIS_RTOS_V2/cmsis_os2.o
 .bss.pxCurrentTCB
                0x0000000020000928        0x4 Middlewares/Third_Party/FreeRTOS/Source/tasks.o
                0x0000000020000928                pxCurrentTCB
 .bss.pxReadyTasksLists
                0x000000002000092c      0x460 Middlewares/Third_Party/FreeRTOS/Source/tasks.o
 .bss.xDelayedTaskList1
                0x0000000020000d8c       0x14 Middlewares/Third_Party/FreeRTOS/Source/tasks.o
 .bss.xDelayedTaskList2
                0x0000000020000da0       0x14 Middlewares/Third_Party/FreeRTOS/Source/tasks.o
 .bss.pxDelayedTaskList
                0x0000000020000db4        0x4 Middlewares/Third_Party/FreeRTOS/Source/tasks.o
 .bss.pxOverflowDelayedTaskList
                0x0000000020000db8        0x4 Middlewares/Third_Party/FreeRTOS/Source/tasks.o
 .bss.xPendingReadyList
                0x0000000020000dbc       0x14 Middlewares/Third_Party/FreeRTOS/Source/tasks.o
 .bss.xTasksWaitingTermination
                0x0000000020000dd0       0x14 Middlewares/Third_Party/FreeRTOS/Source/tasks.o
 .bss.uxDeletedTasksWaitingCleanUp
                0x0000000020000de4        0x4 Middlewares/Third_Party/FreeRTOS/Source/tasks.o
 .bss.xSuspendedTaskList
                0x0000000020000de8       0x14 Middlewares/Third_Party/FreeRTOS/Source/tasks.o
 .bss.uxCurrentNumberOfTasks
                0x0000000020000dfc        0x4 Middlewares/Third_Party/FreeRTOS/Source/tasks.o
 .bss.xTickCount
                0x0000000020000e00        0x4 Middlewares/Third_Party/FreeRTOS/Source/tasks.o
 .bss.uxTopReadyPriority
                0x0000000020000e04        0x4 Middlewares/Third_Party/FreeRTOS/Source/tasks.o
 .bss.xSchedulerRunning
                0x0000000020000e08        0x4 Middlewares/Third_Party/FreeRTOS/Source/tasks.o
 .bss.uxPendedTicks
                0x0000000020000e0c        0x4 Middlewares/Third_Party/FreeRTOS/Source/tasks.o
 .bss.xYieldPending
                0x0000000020000e10        0x4 Middlewares/Third_Party/FreeRTOS/Source/tasks.o
 .bss.xNumOfOverflows
                0x0000000020000e14        0x4 Middlewares/Third_Party/FreeRTOS/Source/tasks.o
 .bss.uxTaskNumber
                0x0000000020000e18        0x4 Middlewares/Third_Party/FreeRTOS/Source/tasks.o
 .bss.xNextTaskUnblockTime
                0x0000000020000e1c        0x4 Middlewares/Third_Party/FreeRTOS/Source/tasks.o
 .bss.xIdleTaskHandle
                0x0000000020000e20        0x4 Middlewares/Third_Party/FreeRTOS/Source/tasks.o
 .bss.uxSchedulerSuspended
                0x0000000020000e24        0x4 Middlewares/Third_Party/FreeRTOS/Source/tasks.o
 .bss.xActiveTimerList1
                0x0000000020000e28       0x14 Middlewares/Third_Party/FreeRTOS/Source/timers.o
 .bss.xActiveTimerList2
                0x0000000020000e3c       0x14 Middlewares/Third_Party/FreeRTOS/Source/timers.o
 .bss.pxCurrentTimerList
                0x0000000020000e50        0x4 Middlewares/Third_Party/FreeRTOS/Source/timers.o
 .bss.pxOverflowTimerList
                0x0000000020000e54        0x4 Middlewares/Third_Party/FreeRTOS/Source/timers.o
 .bss.xTimerQueue
                0x0000000020000e58        0x4 Middlewares/Third_Party/FreeRTOS/Source/timers.o
 .bss.xTimerTaskHandle
                0x0000000020000e5c        0x4 Middlewares/Third_Party/FreeRTOS/Source/timers.o
 .bss.xLastTime.5452
                0x0000000020000e60        0x4 Middlewares/Third_Party/FreeRTOS/Source/timers.o
 .bss.ucStaticTimerQueueStorage.5503
                0x0000000020000e64       0xa0 Middlewares/Third_Party/FreeRTOS/Source/timers.o
 .bss.xStaticTimerQueue.5502
                0x0000000020000f04       0x50 Middlewares/Third_Party/FreeRTOS/Source/timers.o
 .bss.ucMaxSysCallPriority
                0x0000000020000f54        0x1 Middlewares/Third_Party/FreeRTOS/Source/portable/GCC/ARM_CM3/port.o
 *fill*         0x0000000020000f55        0x3 
 .bss.ulMaxPRIGROUPValue
                0x0000000020000f58        0x4 Middlewares/Third_Party/FreeRTOS/Source/portable/GCC/ARM_CM3/port.o
 .bss.ucHeap    0x0000000020000f5c      0xc00 Middlewares/Third_Party/FreeRTOS/Source/portable/MemMang/heap_4.o
 .bss.xStart    0x0000000020001b5c        0x8 Middlewares/Third_Party/FreeRTOS/Source/portable/MemMang/heap_4.o
 .bss.pxEnd     0x0000000020001b64        0x4 Middlewares/Third_Party/FreeRTOS/Source/portable/MemMang/heap_4.o
 .bss.xFreeBytesRemaining
                0x0000000020001b68        0x4 Middlewares/Third_Party/FreeRTOS/Source/portable/MemMang/heap_4.o
 .bss.xMinimumEverFreeBytesRemaining
                0x0000000020001b6c        0x4 Middlewares/Third_Party/FreeRTOS/Source/portable/MemMang/heap_4.o
 .bss.xBlockAllocatedBit
                0x0000000020001b70        0x4 Middlewares/Third_Party/FreeRTOS/Source/portable/MemMang/heap_4.o
 .bss.__malloc_free_list
                0x0000000020001b74        0x4 /Applications/STM32CubeIDE.app/Contents/Eclipse/plugins/com.st.stm32cube.ide.mcu.externaltools.gnu-tools-for-stm32.7-2018-q2-update.macos64_1.4.0.202007081208/tools/bin/../lib/gcc/arm-none-eabi/7.3.1/../../../../arm-none-eabi/lib/thumb/v7-m/libc_nano.a(lib_a-nano-mallocr.o)
                0x0000000020001b74                __malloc_free_list
 .bss.__malloc_sbrk_start
                0x0000000020001b78        0x4 /Applications/STM32CubeIDE.app/Contents/Eclipse/plugins/com.st.stm32cube.ide.mcu.externaltools.gnu-tools-for-stm32.7-2018-q2-update.macos64_1.4.0.202007081208/tools/bin/../lib/gcc/arm-none-eabi/7.3.1/../../../../arm-none-eabi/lib/thumb/v7-m/libc_nano.a(lib_a-nano-mallocr.o)
                0x0000000020001b78                __malloc_sbrk_start
 *(COMMON)
 COMMON         0x0000000020001b7c      0x10c Core/Src/main.o
                0x0000000020001b7c                cliTaskHandle
                0x0000000020001b80                cli_buffer_RX
                0x0000000020001bb4                CLI_QueueHandle
                0x0000000020001bb8                cli_char_RX
                0x0000000020001bbc                Status_QueueHandle
                0x0000000020001bc0                huart3
                0x0000000020001c00                stateControllerHandle
                0x0000000020001c04                cli_buffer_TX
                0x0000000020001c38                statusUpdateHandle
                0x0000000020001c3c                myTimer01Handle
                0x0000000020001c40                htim2
 COMMON         0x0000000020001c88       0x48 Core/Src/stm32f1xx_hal_timebase_tim.o
                0x0000000020001c88                htim4
 COMMON         0x0000000020001cd0        0x4 Drivers/STM32F1xx_HAL_Driver/Src/stm32f1xx_hal.o
                0x0000000020001cd0                uwTick
 COMMON         0x0000000020001cd4       0x40 Middlewares/Third_Party/FreeRTOS/Source/queue.o
                0x0000000020001cd4                xQueueRegistry
 COMMON         0x0000000020001d14        0x4 /Applications/STM32CubeIDE.app/Contents/Eclipse/plugins/com.st.stm32cube.ide.mcu.externaltools.gnu-tools-for-stm32.7-2018-q2-update.macos64_1.4.0.202007081208/tools/bin/../lib/gcc/arm-none-eabi/7.3.1/../../../../arm-none-eabi/lib/thumb/v7-m/libc_nano.a(lib_a-reent.o)
                0x0000000020001d14                errno
                0x0000000020001d18                . = ALIGN (0x4)
                0x0000000020001d18                _ebss = .
                0x0000000020001d18                __bss_end__ = _ebss

._user_heap_stack
                0x0000000020001d18      0x600 load address 0x0000000008006a00
                0x0000000020001d18                . = ALIGN (0x8)
                [!provide]                        PROVIDE (end = .)
                0x0000000020001d18                PROVIDE (_end = .)
                0x0000000020001f18                . = (. + _Min_Heap_Size)
 *fill*         0x0000000020001d18      0x200 
                0x0000000020002318                . = (. + _Min_Stack_Size)
 *fill*         0x0000000020001f18      0x400 
                0x0000000020002318                . = ALIGN (0x8)

/DISCARD/
 libc.a(*)
 libm.a(*)
 libgcc.a(*)

.ARM.attributes
                0x0000000000000000       0x29
 *(.ARM.attributes)
 .ARM.attributes
                0x0000000000000000       0x1d /Applications/STM32CubeIDE.app/Contents/Eclipse/plugins/com.st.stm32cube.ide.mcu.externaltools.gnu-tools-for-stm32.7-2018-q2-update.macos64_1.4.0.202007081208/tools/bin/../lib/gcc/arm-none-eabi/7.3.1/thumb/v7-m/crti.o
 .ARM.attributes
                0x000000000000001d       0x2d /Applications/STM32CubeIDE.app/Contents/Eclipse/plugins/com.st.stm32cube.ide.mcu.externaltools.gnu-tools-for-stm32.7-2018-q2-update.macos64_1.4.0.202007081208/tools/bin/../lib/gcc/arm-none-eabi/7.3.1/thumb/v7-m/crtbegin.o
 .ARM.attributes
                0x000000000000004a       0x33 Core/Src/main.o
 .ARM.attributes
                0x000000000000007d       0x33 Core/Src/stm32f1xx_hal_msp.o
 .ARM.attributes
                0x00000000000000b0       0x33 Core/Src/stm32f1xx_hal_timebase_tim.o
 .ARM.attributes
                0x00000000000000e3       0x33 Core/Src/stm32f1xx_it.o
 .ARM.attributes
                0x0000000000000116       0x33 Core/Src/sysmem.o
 .ARM.attributes
                0x0000000000000149       0x33 Core/Src/system_stm32f1xx.o
 .ARM.attributes
                0x000000000000017c       0x21 Core/Startup/startup_stm32f103rbtx.o
 .ARM.attributes
                0x000000000000019d       0x33 Drivers/STM32F1xx_HAL_Driver/Src/stm32f1xx_hal.o
 .ARM.attributes
                0x00000000000001d0       0x33 Drivers/STM32F1xx_HAL_Driver/Src/stm32f1xx_hal_cortex.o
 .ARM.attributes
                0x0000000000000203       0x33 Drivers/STM32F1xx_HAL_Driver/Src/stm32f1xx_hal_gpio.o
 .ARM.attributes
                0x0000000000000236       0x33 Drivers/STM32F1xx_HAL_Driver/Src/stm32f1xx_hal_rcc.o
 .ARM.attributes
                0x0000000000000269       0x33 Drivers/STM32F1xx_HAL_Driver/Src/stm32f1xx_hal_tim.o
 .ARM.attributes
                0x000000000000029c       0x33 Drivers/STM32F1xx_HAL_Driver/Src/stm32f1xx_hal_tim_ex.o
 .ARM.attributes
                0x00000000000002cf       0x33 Drivers/STM32F1xx_HAL_Driver/Src/stm32f1xx_hal_uart.o
 .ARM.attributes
                0x0000000000000302       0x33 Middlewares/Third_Party/FreeRTOS/Source/CMSIS_RTOS_V2/cmsis_os2.o
 .ARM.attributes
                0x0000000000000335       0x33 Middlewares/Third_Party/FreeRTOS/Source/list.o
 .ARM.attributes
                0x0000000000000368       0x33 Middlewares/Third_Party/FreeRTOS/Source/queue.o
 .ARM.attributes
                0x000000000000039b       0x33 Middlewares/Third_Party/FreeRTOS/Source/tasks.o
 .ARM.attributes
                0x00000000000003ce       0x33 Middlewares/Third_Party/FreeRTOS/Source/timers.o
 .ARM.attributes
                0x0000000000000401       0x33 Middlewares/Third_Party/FreeRTOS/Source/portable/GCC/ARM_CM3/port.o
 .ARM.attributes
                0x0000000000000434       0x33 Middlewares/Third_Party/FreeRTOS/Source/portable/MemMang/heap_4.o
 .ARM.attributes
                0x0000000000000467       0x2d /Applications/STM32CubeIDE.app/Contents/Eclipse/plugins/com.st.stm32cube.ide.mcu.externaltools.gnu-tools-for-stm32.7-2018-q2-update.macos64_1.4.0.202007081208/tools/bin/../lib/gcc/arm-none-eabi/7.3.1/../../../../arm-none-eabi/lib/thumb/v7-m/libc_nano.a(lib_a-atoi.o)
 .ARM.attributes
                0x0000000000000494       0x2d /Applications/STM32CubeIDE.app/Contents/Eclipse/plugins/com.st.stm32cube.ide.mcu.externaltools.gnu-tools-for-stm32.7-2018-q2-update.macos64_1.4.0.202007081208/tools/bin/../lib/gcc/arm-none-eabi/7.3.1/../../../../arm-none-eabi/lib/thumb/v7-m/libc_nano.a(lib_a-errno.o)
 .ARM.attributes
                0x00000000000004c1       0x2d /Applications/STM32CubeIDE.app/Contents/Eclipse/plugins/com.st.stm32cube.ide.mcu.externaltools.gnu-tools-for-stm32.7-2018-q2-update.macos64_1.4.0.202007081208/tools/bin/../lib/gcc/arm-none-eabi/7.3.1/../../../../arm-none-eabi/lib/thumb/v7-m/libc_nano.a(lib_a-impure.o)
 .ARM.attributes
                0x00000000000004ee       0x2d /Applications/STM32CubeIDE.app/Contents/Eclipse/plugins/com.st.stm32cube.ide.mcu.externaltools.gnu-tools-for-stm32.7-2018-q2-update.macos64_1.4.0.202007081208/tools/bin/../lib/gcc/arm-none-eabi/7.3.1/../../../../arm-none-eabi/lib/thumb/v7-m/libc_nano.a(lib_a-init.o)
 .ARM.attributes
                0x000000000000051b       0x2d /Applications/STM32CubeIDE.app/Contents/Eclipse/plugins/com.st.stm32cube.ide.mcu.externaltools.gnu-tools-for-stm32.7-2018-q2-update.macos64_1.4.0.202007081208/tools/bin/../lib/gcc/arm-none-eabi/7.3.1/../../../../arm-none-eabi/lib/thumb/v7-m/libc_nano.a(lib_a-memcpy-stub.o)
 .ARM.attributes
                0x0000000000000548       0x2d /Applications/STM32CubeIDE.app/Contents/Eclipse/plugins/com.st.stm32cube.ide.mcu.externaltools.gnu-tools-for-stm32.7-2018-q2-update.macos64_1.4.0.202007081208/tools/bin/../lib/gcc/arm-none-eabi/7.3.1/../../../../arm-none-eabi/lib/thumb/v7-m/libc_nano.a(lib_a-memset.o)
 .ARM.attributes
                0x0000000000000575       0x2d /Applications/STM32CubeIDE.app/Contents/Eclipse/plugins/com.st.stm32cube.ide.mcu.externaltools.gnu-tools-for-stm32.7-2018-q2-update.macos64_1.4.0.202007081208/tools/bin/../lib/gcc/arm-none-eabi/7.3.1/../../../../arm-none-eabi/lib/thumb/v7-m/libc_nano.a(lib_a-snprintf.o)
 .ARM.attributes
                0x00000000000005a2       0x1b /Applications/STM32CubeIDE.app/Contents/Eclipse/plugins/com.st.stm32cube.ide.mcu.externaltools.gnu-tools-for-stm32.7-2018-q2-update.macos64_1.4.0.202007081208/tools/bin/../lib/gcc/arm-none-eabi/7.3.1/../../../../arm-none-eabi/lib/thumb/v7-m/libc_nano.a(lib_a-strcmp.o)
 .ARM.attributes
                0x00000000000005bd       0x17 /Applications/STM32CubeIDE.app/Contents/Eclipse/plugins/com.st.stm32cube.ide.mcu.externaltools.gnu-tools-for-stm32.7-2018-q2-update.macos64_1.4.0.202007081208/tools/bin/../lib/gcc/arm-none-eabi/7.3.1/../../../../arm-none-eabi/lib/thumb/v7-m/libc_nano.a(lib_a-strlen.o)
 .ARM.attributes
                0x00000000000005d4       0x2d /Applications/STM32CubeIDE.app/Contents/Eclipse/plugins/com.st.stm32cube.ide.mcu.externaltools.gnu-tools-for-stm32.7-2018-q2-update.macos64_1.4.0.202007081208/tools/bin/../lib/gcc/arm-none-eabi/7.3.1/../../../../arm-none-eabi/lib/thumb/v7-m/libc_nano.a(lib_a-strtol.o)
 .ARM.attributes
                0x0000000000000601       0x2d /Applications/STM32CubeIDE.app/Contents/Eclipse/plugins/com.st.stm32cube.ide.mcu.externaltools.gnu-tools-for-stm32.7-2018-q2-update.macos64_1.4.0.202007081208/tools/bin/../lib/gcc/arm-none-eabi/7.3.1/../../../../arm-none-eabi/lib/thumb/v7-m/libc_nano.a(lib_a-locale.o)
 .ARM.attributes
                0x000000000000062e       0x2d /Applications/STM32CubeIDE.app/Contents/Eclipse/plugins/com.st.stm32cube.ide.mcu.externaltools.gnu-tools-for-stm32.7-2018-q2-update.macos64_1.4.0.202007081208/tools/bin/../lib/gcc/arm-none-eabi/7.3.1/../../../../arm-none-eabi/lib/thumb/v7-m/libc_nano.a(lib_a-mbtowc_r.o)
 .ARM.attributes
                0x000000000000065b       0x2d /Applications/STM32CubeIDE.app/Contents/Eclipse/plugins/com.st.stm32cube.ide.mcu.externaltools.gnu-tools-for-stm32.7-2018-q2-update.macos64_1.4.0.202007081208/tools/bin/../lib/gcc/arm-none-eabi/7.3.1/../../../../arm-none-eabi/lib/thumb/v7-m/libc_nano.a(lib_a-nano-svfprintf.o)
 .ARM.attributes
                0x0000000000000688       0x2d /Applications/STM32CubeIDE.app/Contents/Eclipse/plugins/com.st.stm32cube.ide.mcu.externaltools.gnu-tools-for-stm32.7-2018-q2-update.macos64_1.4.0.202007081208/tools/bin/../lib/gcc/arm-none-eabi/7.3.1/../../../../arm-none-eabi/lib/thumb/v7-m/libc_nano.a(lib_a-nano-vfprintf_i.o)
 .ARM.attributes
                0x00000000000006b5       0x2d /Applications/STM32CubeIDE.app/Contents/Eclipse/plugins/com.st.stm32cube.ide.mcu.externaltools.gnu-tools-for-stm32.7-2018-q2-update.macos64_1.4.0.202007081208/tools/bin/../lib/gcc/arm-none-eabi/7.3.1/../../../../arm-none-eabi/lib/thumb/v7-m/libc_nano.a(lib_a-wctomb_r.o)
 .ARM.attributes
                0x00000000000006e2       0x2d /Applications/STM32CubeIDE.app/Contents/Eclipse/plugins/com.st.stm32cube.ide.mcu.externaltools.gnu-tools-for-stm32.7-2018-q2-update.macos64_1.4.0.202007081208/tools/bin/../lib/gcc/arm-none-eabi/7.3.1/../../../../arm-none-eabi/lib/thumb/v7-m/libc_nano.a(lib_a-ctype_.o)
 .ARM.attributes
                0x000000000000070f       0x2d /Applications/STM32CubeIDE.app/Contents/Eclipse/plugins/com.st.stm32cube.ide.mcu.externaltools.gnu-tools-for-stm32.7-2018-q2-update.macos64_1.4.0.202007081208/tools/bin/../lib/gcc/arm-none-eabi/7.3.1/../../../../arm-none-eabi/lib/thumb/v7-m/libc_nano.a(lib_a-memchr-stub.o)
 .ARM.attributes
                0x000000000000073c       0x2d /Applications/STM32CubeIDE.app/Contents/Eclipse/plugins/com.st.stm32cube.ide.mcu.externaltools.gnu-tools-for-stm32.7-2018-q2-update.macos64_1.4.0.202007081208/tools/bin/../lib/gcc/arm-none-eabi/7.3.1/../../../../arm-none-eabi/lib/thumb/v7-m/libc_nano.a(lib_a-memmove.o)
 .ARM.attributes
                0x0000000000000769       0x2d /Applications/STM32CubeIDE.app/Contents/Eclipse/plugins/com.st.stm32cube.ide.mcu.externaltools.gnu-tools-for-stm32.7-2018-q2-update.macos64_1.4.0.202007081208/tools/bin/../lib/gcc/arm-none-eabi/7.3.1/../../../../arm-none-eabi/lib/thumb/v7-m/libc_nano.a(lib_a-nano-freer.o)
 .ARM.attributes
                0x0000000000000796       0x2d /Applications/STM32CubeIDE.app/Contents/Eclipse/plugins/com.st.stm32cube.ide.mcu.externaltools.gnu-tools-for-stm32.7-2018-q2-update.macos64_1.4.0.202007081208/tools/bin/../lib/gcc/arm-none-eabi/7.3.1/../../../../arm-none-eabi/lib/thumb/v7-m/libc_nano.a(lib_a-nano-mallocr.o)
 .ARM.attributes
                0x00000000000007c3       0x2d /Applications/STM32CubeIDE.app/Contents/Eclipse/plugins/com.st.stm32cube.ide.mcu.externaltools.gnu-tools-for-stm32.7-2018-q2-update.macos64_1.4.0.202007081208/tools/bin/../lib/gcc/arm-none-eabi/7.3.1/../../../../arm-none-eabi/lib/thumb/v7-m/libc_nano.a(lib_a-nano-reallocr.o)
 .ARM.attributes
                0x00000000000007f0       0x2d /Applications/STM32CubeIDE.app/Contents/Eclipse/plugins/com.st.stm32cube.ide.mcu.externaltools.gnu-tools-for-stm32.7-2018-q2-update.macos64_1.4.0.202007081208/tools/bin/../lib/gcc/arm-none-eabi/7.3.1/../../../../arm-none-eabi/lib/thumb/v7-m/libc_nano.a(lib_a-sbrkr.o)
 .ARM.attributes
                0x000000000000081d       0x2d /Applications/STM32CubeIDE.app/Contents/Eclipse/plugins/com.st.stm32cube.ide.mcu.externaltools.gnu-tools-for-stm32.7-2018-q2-update.macos64_1.4.0.202007081208/tools/bin/../lib/gcc/arm-none-eabi/7.3.1/../../../../arm-none-eabi/lib/thumb/v7-m/libc_nano.a(lib_a-mlock.o)
 .ARM.attributes
                0x000000000000084a       0x2d /Applications/STM32CubeIDE.app/Contents/Eclipse/plugins/com.st.stm32cube.ide.mcu.externaltools.gnu-tools-for-stm32.7-2018-q2-update.macos64_1.4.0.202007081208/tools/bin/../lib/gcc/arm-none-eabi/7.3.1/../../../../arm-none-eabi/lib/thumb/v7-m/libc_nano.a(lib_a-nano-msizer.o)
 .ARM.attributes
                0x0000000000000877       0x2d /Applications/STM32CubeIDE.app/Contents/Eclipse/plugins/com.st.stm32cube.ide.mcu.externaltools.gnu-tools-for-stm32.7-2018-q2-update.macos64_1.4.0.202007081208/tools/bin/../lib/gcc/arm-none-eabi/7.3.1/../../../../arm-none-eabi/lib/thumb/v7-m/libc_nano.a(lib_a-reent.o)
 .ARM.attributes
                0x00000000000008a4       0x1d /Applications/STM32CubeIDE.app/Contents/Eclipse/plugins/com.st.stm32cube.ide.mcu.externaltools.gnu-tools-for-stm32.7-2018-q2-update.macos64_1.4.0.202007081208/tools/bin/../lib/gcc/arm-none-eabi/7.3.1/thumb/v7-m/crtn.o
OUTPUT(ENEL_487_Project.elf elf32-littlearm)

.debug_info     0x0000000000000000    0x1761d
 .debug_info    0x0000000000000000     0x1cf4 Core/Src/main.o
 .debug_info    0x0000000000001cf4      0xbaa Core/Src/stm32f1xx_hal_msp.o
 .debug_info    0x000000000000289e      0x993 Core/Src/stm32f1xx_hal_timebase_tim.o
 .debug_info    0x0000000000003231      0x710 Core/Src/stm32f1xx_it.o
 .debug_info    0x0000000000003941      0x985 Core/Src/sysmem.o
 .debug_info    0x00000000000042c6      0x29a Core/Src/system_stm32f1xx.o
 .debug_info    0x0000000000004560       0x22 Core/Startup/startup_stm32f103rbtx.o
 .debug_info    0x0000000000004582      0x714 Drivers/STM32F1xx_HAL_Driver/Src/stm32f1xx_hal.o
 .debug_info    0x0000000000004c96      0xb51 Drivers/STM32F1xx_HAL_Driver/Src/stm32f1xx_hal_cortex.o
 .debug_info    0x00000000000057e7      0x69b Drivers/STM32F1xx_HAL_Driver/Src/stm32f1xx_hal_gpio.o
 .debug_info    0x0000000000005e82      0x80f Drivers/STM32F1xx_HAL_Driver/Src/stm32f1xx_hal_rcc.o
 .debug_info    0x0000000000006691     0x27ef Drivers/STM32F1xx_HAL_Driver/Src/stm32f1xx_hal_tim.o
 .debug_info    0x0000000000008e80     0x136f Drivers/STM32F1xx_HAL_Driver/Src/stm32f1xx_hal_tim_ex.o
 .debug_info    0x000000000000a1ef     0x121b Drivers/STM32F1xx_HAL_Driver/Src/stm32f1xx_hal_uart.o
 .debug_info    0x000000000000b40a     0x403a Middlewares/Third_Party/FreeRTOS/Source/CMSIS_RTOS_V2/cmsis_os2.o
 .debug_info    0x000000000000f444      0xac5 Middlewares/Third_Party/FreeRTOS/Source/list.o
 .debug_info    0x000000000000ff09     0x22e8 Middlewares/Third_Party/FreeRTOS/Source/queue.o
 .debug_info    0x00000000000121f1     0x294f Middlewares/Third_Party/FreeRTOS/Source/tasks.o
 .debug_info    0x0000000000014b40     0x1a21 Middlewares/Third_Party/FreeRTOS/Source/timers.o
 .debug_info    0x0000000000016561      0x4d2 Middlewares/Third_Party/FreeRTOS/Source/portable/GCC/ARM_CM3/port.o
 .debug_info    0x0000000000016a33      0xbea Middlewares/Third_Party/FreeRTOS/Source/portable/MemMang/heap_4.o

.debug_abbrev   0x0000000000000000     0x2d4f
 .debug_abbrev  0x0000000000000000      0x2ec Core/Src/main.o
 .debug_abbrev  0x00000000000002ec      0x1b7 Core/Src/stm32f1xx_hal_msp.o
 .debug_abbrev  0x00000000000004a3      0x19d Core/Src/stm32f1xx_hal_timebase_tim.o
 .debug_abbrev  0x0000000000000640      0x15a Core/Src/stm32f1xx_it.o
 .debug_abbrev  0x000000000000079a      0x19b Core/Src/sysmem.o
 .debug_abbrev  0x0000000000000935      0x134 Core/Src/system_stm32f1xx.o
 .debug_abbrev  0x0000000000000a69       0x12 Core/Startup/startup_stm32f103rbtx.o
 .debug_abbrev  0x0000000000000a7b      0x1c7 Drivers/STM32F1xx_HAL_Driver/Src/stm32f1xx_hal.o
 .debug_abbrev  0x0000000000000c42      0x2d5 Drivers/STM32F1xx_HAL_Driver/Src/stm32f1xx_hal_cortex.o
 .debug_abbrev  0x0000000000000f17      0x1c0 Drivers/STM32F1xx_HAL_Driver/Src/stm32f1xx_hal_gpio.o
 .debug_abbrev  0x00000000000010d7      0x243 Drivers/STM32F1xx_HAL_Driver/Src/stm32f1xx_hal_rcc.o
 .debug_abbrev  0x000000000000131a      0x230 Drivers/STM32F1xx_HAL_Driver/Src/stm32f1xx_hal_tim.o
 .debug_abbrev  0x000000000000154a      0x236 Drivers/STM32F1xx_HAL_Driver/Src/stm32f1xx_hal_tim_ex.o
 .debug_abbrev  0x0000000000001780      0x242 Drivers/STM32F1xx_HAL_Driver/Src/stm32f1xx_hal_uart.o
 .debug_abbrev  0x00000000000019c2      0x3a0 Middlewares/Third_Party/FreeRTOS/Source/CMSIS_RTOS_V2/cmsis_os2.o
 .debug_abbrev  0x0000000000001d62      0x1cf Middlewares/Third_Party/FreeRTOS/Source/list.o
 .debug_abbrev  0x0000000000001f31      0x354 Middlewares/Third_Party/FreeRTOS/Source/queue.o
 .debug_abbrev  0x0000000000002285      0x350 Middlewares/Third_Party/FreeRTOS/Source/tasks.o
 .debug_abbrev  0x00000000000025d5      0x2d7 Middlewares/Third_Party/FreeRTOS/Source/timers.o
 .debug_abbrev  0x00000000000028ac      0x205 Middlewares/Third_Party/FreeRTOS/Source/portable/GCC/ARM_CM3/port.o
 .debug_abbrev  0x0000000000002ab1      0x29e Middlewares/Third_Party/FreeRTOS/Source/portable/MemMang/heap_4.o

.debug_aranges  0x0000000000000000     0x12f0
 .debug_aranges
                0x0000000000000000       0x90 Core/Src/main.o
 .debug_aranges
                0x0000000000000090       0x40 Core/Src/stm32f1xx_hal_msp.o
 .debug_aranges
                0x00000000000000d0       0x30 Core/Src/stm32f1xx_hal_timebase_tim.o
 .debug_aranges
                0x0000000000000100       0x50 Core/Src/stm32f1xx_it.o
 .debug_aranges
                0x0000000000000150       0x20 Core/Src/sysmem.o
 .debug_aranges
                0x0000000000000170       0x28 Core/Src/system_stm32f1xx.o
 .debug_aranges
                0x0000000000000198       0x28 Core/Startup/startup_stm32f103rbtx.o
 .debug_aranges
                0x00000000000001c0       0xe0 Drivers/STM32F1xx_HAL_Driver/Src/stm32f1xx_hal.o
 .debug_aranges
                0x00000000000002a0      0x100 Drivers/STM32F1xx_HAL_Driver/Src/stm32f1xx_hal_cortex.o
 .debug_aranges
                0x00000000000003a0       0x58 Drivers/STM32F1xx_HAL_Driver/Src/stm32f1xx_hal_gpio.o
 .debug_aranges
                0x00000000000003f8       0x90 Drivers/STM32F1xx_HAL_Driver/Src/stm32f1xx_hal_rcc.o
 .debug_aranges
                0x0000000000000488      0x3d0 Drivers/STM32F1xx_HAL_Driver/Src/stm32f1xx_hal_tim.o
 .debug_aranges
                0x0000000000000858      0x168 Drivers/STM32F1xx_HAL_Driver/Src/stm32f1xx_hal_tim_ex.o
 .debug_aranges
                0x00000000000009c0      0x1d0 Drivers/STM32F1xx_HAL_Driver/Src/stm32f1xx_hal_uart.o
 .debug_aranges
                0x0000000000000b90      0x228 Middlewares/Third_Party/FreeRTOS/Source/CMSIS_RTOS_V2/cmsis_os2.o
 .debug_aranges
                0x0000000000000db8       0x40 Middlewares/Third_Party/FreeRTOS/Source/list.o
 .debug_aranges
                0x0000000000000df8      0x158 Middlewares/Third_Party/FreeRTOS/Source/queue.o
 .debug_aranges
                0x0000000000000f50      0x1f8 Middlewares/Third_Party/FreeRTOS/Source/tasks.o
 .debug_aranges
                0x0000000000001148       0xe0 Middlewares/Third_Party/FreeRTOS/Source/timers.o
 .debug_aranges
                0x0000000000001228       0x78 Middlewares/Third_Party/FreeRTOS/Source/portable/GCC/ARM_CM3/port.o
 .debug_aranges
                0x00000000000012a0       0x50 Middlewares/Third_Party/FreeRTOS/Source/portable/MemMang/heap_4.o

.debug_ranges   0x0000000000000000     0x11a8
 .debug_ranges  0x0000000000000000       0x80 Core/Src/main.o
 .debug_ranges  0x0000000000000080       0x30 Core/Src/stm32f1xx_hal_msp.o
 .debug_ranges  0x00000000000000b0       0x20 Core/Src/stm32f1xx_hal_timebase_tim.o
 .debug_ranges  0x00000000000000d0       0x40 Core/Src/stm32f1xx_it.o
 .debug_ranges  0x0000000000000110       0x10 Core/Src/sysmem.o
 .debug_ranges  0x0000000000000120       0x18 Core/Src/system_stm32f1xx.o
 .debug_ranges  0x0000000000000138       0x20 Core/Startup/startup_stm32f103rbtx.o
 .debug_ranges  0x0000000000000158       0xd0 Drivers/STM32F1xx_HAL_Driver/Src/stm32f1xx_hal.o
 .debug_ranges  0x0000000000000228       0xf0 Drivers/STM32F1xx_HAL_Driver/Src/stm32f1xx_hal_cortex.o
 .debug_ranges  0x0000000000000318       0x48 Drivers/STM32F1xx_HAL_Driver/Src/stm32f1xx_hal_gpio.o
 .debug_ranges  0x0000000000000360       0x80 Drivers/STM32F1xx_HAL_Driver/Src/stm32f1xx_hal_rcc.o
 .debug_ranges  0x00000000000003e0      0x3c0 Drivers/STM32F1xx_HAL_Driver/Src/stm32f1xx_hal_tim.o
 .debug_ranges  0x00000000000007a0      0x158 Drivers/STM32F1xx_HAL_Driver/Src/stm32f1xx_hal_tim_ex.o
 .debug_ranges  0x00000000000008f8      0x1c0 Drivers/STM32F1xx_HAL_Driver/Src/stm32f1xx_hal_uart.o
 .debug_ranges  0x0000000000000ab8      0x218 Middlewares/Third_Party/FreeRTOS/Source/CMSIS_RTOS_V2/cmsis_os2.o
 .debug_ranges  0x0000000000000cd0       0x30 Middlewares/Third_Party/FreeRTOS/Source/list.o
 .debug_ranges  0x0000000000000d00      0x148 Middlewares/Third_Party/FreeRTOS/Source/queue.o
 .debug_ranges  0x0000000000000e48      0x1e8 Middlewares/Third_Party/FreeRTOS/Source/tasks.o
 .debug_ranges  0x0000000000001030       0xd0 Middlewares/Third_Party/FreeRTOS/Source/timers.o
 .debug_ranges  0x0000000000001100       0x68 Middlewares/Third_Party/FreeRTOS/Source/portable/GCC/ARM_CM3/port.o
 .debug_ranges  0x0000000000001168       0x40 Middlewares/Third_Party/FreeRTOS/Source/portable/MemMang/heap_4.o

.debug_macro    0x0000000000000000     0x3778
 .debug_macro   0x0000000000000000      0x407 Core/Src/main.o
 .debug_macro   0x0000000000000407       0x5b Core/Src/main.o
 .debug_macro   0x0000000000000462       0x74 Core/Src/main.o
 .debug_macro   0x00000000000004d6      0x122 Core/Src/main.o
 .debug_macro   0x00000000000005f8       0xdd Core/Src/main.o
 .debug_macro   0x00000000000006d5       0x18 Core/Src/main.o
 .debug_macro   0x00000000000006ed       0x46 Core/Src/main.o
 .debug_macro   0x0000000000000733       0x3c Core/Src/main.o
 .debug_macro   0x000000000000076f       0x34 Core/Src/main.o
 .debug_macro   0x00000000000007a3       0x16 Core/Src/main.o
 .debug_macro   0x00000000000007b9       0x35 Core/Src/main.o
 .debug_macro   0x00000000000007ee       0x52 Core/Src/main.o
 .debug_macro   0x0000000000000840       0x1f Core/Src/main.o
 .debug_macro   0x000000000000085f       0x43 Core/Src/main.o
 .debug_macro   0x00000000000008a2       0x20 Core/Src/main.o
 .debug_macro   0x00000000000008c2      0x1a3 Core/Src/main.o
 .debug_macro   0x0000000000000a65      0x32a Core/Src/main.o
 .debug_macro   0x0000000000000d8f       0x16 Core/Src/main.o
 .debug_macro   0x0000000000000da5       0x29 Core/Src/main.o
 .debug_macro   0x0000000000000dce       0x1c Core/Src/main.o
 .debug_macro   0x0000000000000dea       0x10 Core/Src/main.o
 .debug_macro   0x0000000000000dfa       0x10 Core/Src/main.o
 .debug_macro   0x0000000000000e0a       0x1c Core/Src/main.o
 .debug_macro   0x0000000000000e26       0x52 Core/Src/main.o
 .debug_macro   0x0000000000000e78       0x40 Core/Src/main.o
 .debug_macro   0x0000000000000eb8       0x10 Core/Src/main.o
 .debug_macro   0x0000000000000ec8       0x40 Core/Src/main.o
 .debug_macro   0x0000000000000f08       0xd7 Core/Src/main.o
 .debug_macro   0x0000000000000fdf       0x1c Core/Src/main.o
 .debug_macro   0x0000000000000ffb       0x3d Core/Src/main.o
 .debug_macro   0x0000000000001038       0x16 Core/Src/main.o
 .debug_macro   0x000000000000104e      0x145 Core/Src/main.o
 .debug_macro   0x0000000000001193       0x16 Core/Src/main.o
 .debug_macro   0x00000000000011a9       0x20 Core/Src/main.o
 .debug_macro   0x00000000000011c9       0x22 Core/Src/main.o
 .debug_macro   0x00000000000011eb      0x1ad Core/Src/stm32f1xx_hal_msp.o
 .debug_macro   0x0000000000001398      0x1a3 Core/Src/stm32f1xx_hal_timebase_tim.o
 .debug_macro   0x000000000000153b      0x1b7 Core/Src/stm32f1xx_it.o
 .debug_macro   0x00000000000016f2       0xee Core/Src/sysmem.o
 .debug_macro   0x00000000000017e0      0x23b Core/Src/sysmem.o
 .debug_macro   0x0000000000001a1b      0x1a3 Core/Src/system_stm32f1xx.o
 .debug_macro   0x0000000000001bbe      0x1c7 Drivers/STM32F1xx_HAL_Driver/Src/stm32f1xx_hal.o
 .debug_macro   0x0000000000001d85      0x1a3 Drivers/STM32F1xx_HAL_Driver/Src/stm32f1xx_hal_cortex.o
 .debug_macro   0x0000000000001f28      0x20e Drivers/STM32F1xx_HAL_Driver/Src/stm32f1xx_hal_gpio.o
 .debug_macro   0x0000000000002136      0x1b5 Drivers/STM32F1xx_HAL_Driver/Src/stm32f1xx_hal_rcc.o
 .debug_macro   0x00000000000022eb      0x1a4 Drivers/STM32F1xx_HAL_Driver/Src/stm32f1xx_hal_tim.o
 .debug_macro   0x000000000000248f      0x1a3 Drivers/STM32F1xx_HAL_Driver/Src/stm32f1xx_hal_tim_ex.o
 .debug_macro   0x0000000000002632      0x1a4 Drivers/STM32F1xx_HAL_Driver/Src/stm32f1xx_hal_uart.o
 .debug_macro   0x00000000000027d6      0x23a Middlewares/Third_Party/FreeRTOS/Source/CMSIS_RTOS_V2/cmsis_os2.o
 .debug_macro   0x0000000000002a10       0x10 Middlewares/Third_Party/FreeRTOS/Source/CMSIS_RTOS_V2/cmsis_os2.o
 .debug_macro   0x0000000000002a20       0x10 Middlewares/Third_Party/FreeRTOS/Source/CMSIS_RTOS_V2/cmsis_os2.o
 .debug_macro   0x0000000000002a30       0xb7 Middlewares/Third_Party/FreeRTOS/Source/CMSIS_RTOS_V2/cmsis_os2.o
 .debug_macro   0x0000000000002ae7       0x91 Middlewares/Third_Party/FreeRTOS/Source/CMSIS_RTOS_V2/cmsis_os2.o
 .debug_macro   0x0000000000002b78       0x8d Middlewares/Third_Party/FreeRTOS/Source/CMSIS_RTOS_V2/cmsis_os2.o
 .debug_macro   0x0000000000002c05       0x9a Middlewares/Third_Party/FreeRTOS/Source/CMSIS_RTOS_V2/cmsis_os2.o
 .debug_macro   0x0000000000002c9f      0x17a Middlewares/Third_Party/FreeRTOS/Source/list.o
 .debug_macro   0x0000000000002e19      0x205 Middlewares/Third_Party/FreeRTOS/Source/queue.o
 .debug_macro   0x000000000000301e      0x27a Middlewares/Third_Party/FreeRTOS/Source/tasks.o
 .debug_macro   0x0000000000003298       0x10 Middlewares/Third_Party/FreeRTOS/Source/tasks.o
 .debug_macro   0x00000000000032a8      0x1bd Middlewares/Third_Party/FreeRTOS/Source/timers.o
 .debug_macro   0x0000000000003465      0x172 Middlewares/Third_Party/FreeRTOS/Source/portable/GCC/ARM_CM3/port.o
 .debug_macro   0x00000000000035d7      0x1a1 Middlewares/Third_Party/FreeRTOS/Source/portable/MemMang/heap_4.o

.debug_line     0x0000000000000000     0xf75c
 .debug_line    0x0000000000000000      0xcb3 Core/Src/main.o
 .debug_line    0x0000000000000cb3      0x6ff Core/Src/stm32f1xx_hal_msp.o
 .debug_line    0x00000000000013b2      0x6db Core/Src/stm32f1xx_hal_timebase_tim.o
 .debug_line    0x0000000000001a8d      0x729 Core/Src/stm32f1xx_it.o
 .debug_line    0x00000000000021b6      0x503 Core/Src/sysmem.o
 .debug_line    0x00000000000026b9      0x6cf Core/Src/system_stm32f1xx.o
 .debug_line    0x0000000000002d88       0x84 Core/Startup/startup_stm32f103rbtx.o
 .debug_line    0x0000000000002e0c      0x882 Drivers/STM32F1xx_HAL_Driver/Src/stm32f1xx_hal.o
 .debug_line    0x000000000000368e      0x959 Drivers/STM32F1xx_HAL_Driver/Src/stm32f1xx_hal_cortex.o
 .debug_line    0x0000000000003fe7      0x87e Drivers/STM32F1xx_HAL_Driver/Src/stm32f1xx_hal_gpio.o
 .debug_line    0x0000000000004865      0x942 Drivers/STM32F1xx_HAL_Driver/Src/stm32f1xx_hal_rcc.o
 .debug_line    0x00000000000051a7     0x1fdb Drivers/STM32F1xx_HAL_Driver/Src/stm32f1xx_hal_tim.o
 .debug_line    0x0000000000007182     0x12e9 Drivers/STM32F1xx_HAL_Driver/Src/stm32f1xx_hal_tim_ex.o
 .debug_line    0x000000000000846b      0xfc0 Drivers/STM32F1xx_HAL_Driver/Src/stm32f1xx_hal_uart.o
 .debug_line    0x000000000000942b     0x1e62 Middlewares/Third_Party/FreeRTOS/Source/CMSIS_RTOS_V2/cmsis_os2.o
 .debug_line    0x000000000000b28d      0x6a7 Middlewares/Third_Party/FreeRTOS/Source/list.o