<!doctype html public "-//w3c//dtd html 4.0 transitional//en">
<html><head>
<title>Static Call Graph - [.\Objects\Ufuoma_Aya_ENSE_352_Project.axf]</title></head>
<body><HR>
<H1>Static Call Graph for image .\Objects\Ufuoma_Aya_ENSE_352_Project.axf</H1><HR>
<BR><P>#&#060CALLGRAPH&#062# ARM Linker, 5060750: Last Updated: Sun Dec 08 20:20:04 2019
<BR><P>
<H3>Maximum Stack Usage =          0 bytes + Unknown(Untraceable Function Pointers)</H3><H3>
Call chain for Maximum Stack Depth:</H3>

<P>
<H3>
Function Pointers
</H3><UL>
 <LI><a href="#[1]">Reset_Handler</a> from ufuoma_aya_ense_352_project.o(MYCODE) referenced from ufuoma_aya_ense_352_project.o(RESET)
</UL>
<P>
<H3>
Global Symbols
</H3>
<P><STRONG><a name="[1]"></a>Reset_Handler</STRONG> (Thumb, 18 bytes, Stack size 0 bytes, ufuoma_aya_ense_352_project.o(MYCODE))
<BR><BR>[Calls]<UL><LI><a href="#[5]">&gt;&gt;</a>&nbsp;&nbsp;&nbsp;numCycles
<LI><a href="#[4]">&gt;&gt;</a>&nbsp;&nbsp;&nbsp;ready_mode
<LI><a href="#[3]">&gt;&gt;</a>&nbsp;&nbsp;&nbsp;GPIO_Init
<LI><a href="#[2]">&gt;&gt;</a>&nbsp;&nbsp;&nbsp;GPIO_ClockInit
</UL>
<P>
<H3>
Local Symbols
</H3>
<P><STRONG><a name="[2]"></a>GPIO_ClockInit</STRONG> (Thumb, 14 bytes, Stack size 0 bytes, ufuoma_aya_ense_352_project.o(MYCODE))
<BR><BR>[Called By]<UL><LI><a href="#[1]">&gt;&gt;</a>&nbsp;&nbsp;&nbsp;Reset_Handler
</UL>

<P><STRONG><a name="[3]"></a>GPIO_Init</STRONG> (Thumb, 18 bytes, Stack size 0 bytes, ufuoma_aya_ense_352_project.o(MYCODE))
<BR><BR>[Called By]<UL><LI><a href="#[1]">&gt;&gt;</a>&nbsp;&nbsp;&nbsp;Reset_Handler
</UL>

<P><STRONG><a name="[4]"></a>ready_mode</STRONG> (Thumb, 666 bytes, Stack size 0 bytes, ufuoma_aya_ense_352_project.o(MYCODE))
<BR><BR>[Called By]<UL><LI><a href="#[1]">&gt;&gt;</a>&nbsp;&nbsp;&nbsp;Reset_Handler
</UL>

<P><STRONG><a name="[5]"></a>numCycles</STRONG> (Thumb, 50 bytes, Stack size 0 bytes, ufuoma_aya_ense_352_project.o(MYCODE))
<BR><BR>[Called By]<UL><LI><a href="#[1]">&gt;&gt;</a>&nbsp;&nbsp;&nbsp;Reset_Handler
</UL>
<P>
<H3>
Undefined Global Symbols
</H3><HR></body></html>
