main.c:130:5:main	8	static
main.c:242:6:SystemClock_Config	72	static
main.c:278:13:MX_TIM2_Init	32	static
main.c:323:13:MX_USART3_UART_Init	8	static
main.c:356:13:MX_GPIO_Init	32	static
main.c:387:6:print_string	32	static
main.c:408:6:print_string_block	32	static
main.c:429:6:byte_send	16	static
main.c:435:7:line_return	24	static
main.c:467:6:startcliTask	56	static
main.c:565:6:updateTask	32	static
main.c:616:6:controllerTask	40	static
main.c:797:6:Callback01	16	static
main.c:813:6:HAL_TIM_PeriodElapsedCallback	16	static
main.c:830:6:Error_Handler	4	static
