Component: ARM Compiler 5.06 update 6 (build 750) Tool: armlink [4d35ed]

==============================================================================

Section Cross References

    ufuoma_aya_ense_352_project.o(RESET) refers to ufuoma_aya_ense_352_project.o(MYCODE) for Reset_Handler


==============================================================================

Image Symbol Table

    Local Symbols

    Symbol Name                              Value     Ov Type        Size  Object(Section)

    Ufuoma_Aya_ENSE_352_Project.s            0x00000000   Number         0  ufuoma_aya_ense_352_project.o ABSOLUTE
    RESET                                    0x08000000   Section        8  ufuoma_aya_ense_352_project.o(RESET)
    MYCODE                                   0x08000008   Section      808  ufuoma_aya_ense_352_project.o(MYCODE)
    GPIO_ClockInit                           0x0800001d   Thumb Code    14  ufuoma_aya_ense_352_project.o(MYCODE)
    GPIO_Init                                0x0800002d   Thumb Code    18  ufuoma_aya_ense_352_project.o(MYCODE)
    ready_mode                               0x08000041   Thumb Code   666  ufuoma_aya_ense_352_project.o(MYCODE)
    numCycles                                0x080002dd   Thumb Code    50  ufuoma_aya_ense_352_project.o(MYCODE)

    Global Symbols

    Symbol Name                              Value     Ov Type        Size  Object(Section)

    BuildAttributes$$THM_ISAv4$P$D$K$B$S$PE$A:L22UL41UL21$X:L11$S22US41US21$IEEE1$IW$USESV6$~STKCKD$USESV7$~SHL$OSPACE$EBA8$STANDARDLIB$PRES8$EABIv2 0x00000000   Number         0  anon$$obj.o ABSOLUTE
    __Vectors                                0x08000000   Data           4  ufuoma_aya_ense_352_project.o(RESET)
    Reset_Handler                            0x08000009   Thumb Code    18  ufuoma_aya_ense_352_project.o(MYCODE)



==============================================================================

Memory Map of the image

  Image Entry point : 0x08000009

  Load Region LR_1 (Base: 0x08000000, Size: 0x00000330, Max: 0xffffffff, ABSOLUTE)

    Execution Region ER_RO (Exec base: 0x08000000, Load base: 0x08000000, Size: 0x00000330, Max: 0xffffffff, ABSOLUTE)

    Exec Addr    Load Addr    Size         Type   Attr      Idx    E Section Name        Object

    0x08000000   0x08000000   0x00000008   Data   RO            1    RESET               ufuoma_aya_ense_352_project.o
    0x08000008   0x08000008   0x00000328   Code   RO            2  * MYCODE              ufuoma_aya_ense_352_project.o


    Execution Region ER_RW (Exec base: 0x20000000, Load base: 0x08000330, Size: 0x00000000, Max: 0xffffffff, ABSOLUTE)

    **** No section assigned to this execution region ****


    Execution Region ER_ZI (Exec base: 0x20000000, Load base: 0x08000330, Size: 0x00000000, Max: 0xffffffff, ABSOLUTE)

    **** No section assigned to this execution region ****


==============================================================================

Image component sizes


      Code (inc. data)   RO Data    RW Data    ZI Data      Debug   Object Name

       808         42          8          0          0        864   ufuoma_aya_ense_352_project.o

    ----------------------------------------------------------------------
       808         42          8          0          0        864   Object Totals
         0          0          0          0          0          0   (incl. Generated)
         0          0          0          0          0          0   (incl. Padding)

    ----------------------------------------------------------------------
         0          0          0          0          0          0   Library Totals
         0          0          0          0          0          0   (incl. Padding)

    ----------------------------------------------------------------------

==============================================================================


      Code (inc. data)   RO Data    RW Data    ZI Data      Debug   

       808         42          8          0          0        864   Grand Totals
       808         42          8          0          0        864   ELF Image Totals
       808         42          8          0          0          0   ROM Totals

==============================================================================

    Total RO  Size (Code + RO Data)                  816 (   0.80kB)
    Total RW  Size (RW Data + ZI Data)                 0 (   0.00kB)
    Total ROM Size (Code + RO Data + RW Data)        816 (   0.80kB)

==============================================================================

