#-----------------------------------------------------------
# Vivado v2016.3 (64-bit)
# SW Build 1682563 on Mon Oct 10 19:07:27 MDT 2016
# IP Build 1681267 on Mon Oct 10 21:28:31 MDT 2016
# Start of session at: Tue Nov 27 10:13:54 2018
# Process ID: 8976
# Current directory: H:/ENEL 384/Project/enel_project
# Command line: vivado.exe -gui_launcher_event rodinguilauncherevent6020 H:\ENEL 384\Project\enel_project\enel_project.xpr
# Log file: H:/ENEL 384/Project/enel_project/vivado.log
# Journal file: H:/ENEL 384/Project/enel_project\vivado.jou
#-----------------------------------------------------------
start_gui
open_project {H:/ENEL 384/Project/enel_project/enel_project.xpr}
close_project
create_project project_new {H:/ENEL 384/Project/project_new} -part xc7a100tcsg324-1
file mkdir H:/ENEL 384/Project/project_new/project_new.srcs/sources_1/new
file mkdir H:/ENEL 384/Project/project_new/project_new.srcs/sources_1/new
file mkdir H:/ENEL 384/Project/project_new/project_new.srcs/sources_1/new
file mkdir H:/ENEL 384/Project/project_new/project_new.srcs/sources_1/new
file mkdir H:/ENEL 384/Project/project_new/project_new.srcs/sources_1/new
file mkdir H:/ENEL 384/Project/project_new/project_new.srcs/sources_1/new
file mkdir H:/ENEL 384/Project/project_new/project_new.srcs/sources_1/new
file mkdir {H:/ENEL 384/Project/project_new/project_new.srcs/sources_1/new}
close [ open {H:/ENEL 384/Project/project_new/project_new.srcs/sources_1/new/project_divider.vhd} w ]
add_files {{H:/ENEL 384/Project/project_new/project_new.srcs/sources_1/new/project_divider.vhd}}
close [ open {H:/ENEL 384/Project/project_new/project_new.srcs/sources_1/new/project_display.vhd} w ]
add_files {{H:/ENEL 384/Project/project_new/project_new.srcs/sources_1/new/project_display.vhd}}
close [ open {H:/ENEL 384/Project/project_new/project_new.srcs/sources_1/new/project_384.vhd} w ]
add_files {{H:/ENEL 384/Project/project_new/project_new.srcs/sources_1/new/project_384.vhd}}
add_files -fileset constrs_1 -norecurse {{I:/ENEL 384/Project/Nexys4 DDR - Documentation and Files-20181126/Vivado_Nexys4DDR_Demo/Vivado_Nexys4DDR_Demo/Nexys4DDR_Master.xdc}}
update_compile_order -fileset sources_1
update_compile_order -fileset sim_1
